{"author":"Andrew Fisher","candidate_sha256":"2595f1cd8bde0b4e0fd65733ab063404ad32ecd944912eb0d523103897cb4730","base_sha256":"f07e92cc79ad416e75f0db2b6cfa1c302d1789cf7c93ff0da8142afc6dc8a7ec"}
PASS DATA is byte preserved
PASS Existing path preserved: function attention(){
PASS Existing path preserved: function exportRecord(){
PASS Existing path preserved: let EXPORT_SEQ
PASS Existing path preserved: function programmeDays(){
PASS Existing path preserved: function programmeDaysBefore801(){
PASS Existing path preserved: function unrefBlock(d, full){
PASS Existing path preserved: function pack795(){
PASS Existing path preserved: window.addEventListener('beforeprint', () => { /* registered before v7.95's
FAIL Export label follows 5 unexported changes {"text":"Export","title":"5 changes in this browser since the last export","red":true}
PASS Export warning class follows 5 unexported changes
FAIL Export label follows 1 unexported changes {"text":"Export","title":"1 change in this browser since the last export","red":true}
PASS Export warning class follows 1 unexported changes
PASS Export label follows 0 unexported changes {"text":"Export","title":"Export the records in this browser","red":false}
PASS Export warning class follows 0 unexported changes
FAIL Export label follows 2 unexported changes {"text":"Export","title":"2 changes in this browser since the last export","red":true}
PASS Export warning class follows 2 unexported changes
PASS Brisbane day at 2026-10-02T13:59:59Z {"day":"2026-10-02"}
PASS Due today gate at 2026-10-02 {"rendered":true}
PASS Due today link targets 2026-10-02
PASS Brisbane day at 2026-10-02T14:00:00Z {"day":"2026-10-03"}
PASS Due today gate at 2026-10-03 {"rendered":false}
PASS Brisbane day at 2026-10-06T14:00:00Z {"day":"2026-10-07"}
PASS Due today gate at 2026-10-07 {"rendered":true}
PASS Due today link targets 2026-10-07
PASS Brisbane day at 2026-10-26T14:00:00Z {"day":"2026-10-27"}
PASS Due today gate at 2026-10-27 {"rendered":true}
PASS Due today link targets 2026-10-27
PASS Brisbane day at 2026-10-27T14:00:00Z {"day":"2026-10-28"}
PASS Due today gate at 2026-10-28 {"rendered":false}
PASS No print-media widening is added
{
  "passed": 28,
  "total": 31,
  "failures": [
    {
      "name": "Export label follows 5 unexported changes",
      "pass": false,
      "detail": {
        "text": "Export",
        "title": "5 changes in this browser since the last export",
        "red": true
      }
    },
    {
      "name": "Export label follows 1 unexported changes",
      "pass": false,
      "detail": {
        "text": "Export",
        "title": "1 change in this browser since the last export",
        "red": true
      }
    },
    {
      "name": "Export label follows 2 unexported changes",
      "pass": false,
      "detail": {
        "text": "Export",
        "title": "2 changes in this browser since the last export",
        "red": true
      }
    }
  ]
}
