PASS all seven groups present and open
PASS Today uses the full content width (2528 of 2528 px)
PASS side gutter kept (36 px)
PASS banner sits in a full-width dark band
PASS banner picture centred inside the band
PASS banner picture capped at 42% of the screen height (575 px)
PASS progress cards 3 across
PASS cards in a row share one height
PASS Fencing card spans the full row
PASS gauge titles on one line and not clipped
PASS contacts 4 across
PASS Today pane is not a keyboard tab stop
PASS no focus outline drawn around the whole pane
PASS no page-wide horizontal overflow
PASS native automatic instrument animation
PASS redraw retains scroll position
PASS redraw keeps the same layout
PASS redraw does not change data or money
PASS print layout untouched by the screen rules
PASS no runtime errors
PASS no attempted live writes
2560 px: 21/21
