PASS patch leaves the original navigation body unchanged
PASS forecast and Rehire calculation bodies are unchanged
PASS patch refuses a second application without changing the file
PASS patch refuses a base without the previous release
PASS navigation shares one asset snapshot and rental lookup per key
PASS baseline and patched navigation produce the same synthetic model
PASS record replacement is fresh on the next navigation
PASS same-tab redraw sees edited and deleted records
PASS empty snapshots are held once and later additions appear
PASS alert failure releases the cache and the next navigation recovers
PASS render failure releases the cache and navigation flag
PASS nested navigation retains its caller hold until the caller returns
PASS scheduled frame and microtask read fresh records outside the navigation hold
PASS a direct render after a record refresh remains fresh
PASS capability refresh still runs on every draw after permission changes
PASS unknown tabs and register aliases keep their original routes
PASS forecast and Rehire builders each run once within a shared hold
PASS standalone model calls stay uncached and read later record edits
PASS new model holds and standalone calls cannot reuse a completed hold
PASS failed model construction is not cached and a later hold recovers
PASS a scheduled model calculation reads a fresh snapshot
21/21 navigation regressions passed
