PASS P1 Drivers ▾ > All loads opens the check first - no PDF is made yet — {"title":"Before these go to the drivers","panel":false}
PASS P2 four plain checks and a name; the button is locked until all are done — 4 checks, locked true
PASS P3 the page states what it knows for these loads (drop-off pin and way in) — ✓ Every item has firm directions.
PASS P4 fits the screen, no sideways scroll — {"fits":true,"overflowX":false}
PASS P5 every check must be ticked (three of four stays locked; four unlocks) — three: true · four: false
PASS P6 after the check the driver PDFs are made — {"gone":true,"panel":true,"state":"ready","remembered":"Test Person","files":[{"role":"all","pages":12,"label":"All 6 loads · 12 pages"},{"role":"load","pages":2,"label":"Load 1 · P08 · 1 location sign"},{"role":"load","pages":2,"label":"Load 2 · P46 · 1 location sign"},{"role":"load","pages":2,"label":"Load 3 · P47 · 1 location sign"},{"role":"load","pages":2,"label":"Load 4 · P51 · 1 location sign"},{"role":"load","pages":2,"label":"Load 5 · T0085 · 1 location sign"},{"role":"load","pages":2,"label":"Load 6 · T0089 · 1 location sign"}]}
PASS P7 every driver sheet carries "Checked by <name> · <date, time>" — {"pages":12,"stamped":12,"sample":"Checked by Test Person · 02 Oct 2026, 05:09 AEST · drop-off, way in, times and order"}
PASS P12 every driver sheet is followed by an A4 location sign for each item on it (deliveries), and every sign fits its page — {"seq":["D1","S:P08","D2","S:P46","D3","S:P47","D4","S:P51","D5","S:T0085","D6","S:T0089"],"n":6,"want":6,"fit":true,"words":"Coates · GC500 2026Delivery location Location referenceP08 Building 6mGOES TOSecuritynear Gate 2, Commodore · beside P51, WC38, GEM Due on siteTue 06 Oct 2026Load1 of 6Item1 of 1 Laminate this sign and fix it to the item where it can be seen.Leave it on until the item is in its place.Checked by Test Person · 02 Oct 2026, 05:09 AEST · drop-off, way in, times and order"}
PASS P13 each load PDF holds its sheet and its signs; the all-loads PDF holds every page — [{"role":"all","pages":12,"label":"All 6 loads · 12 pages"},{"role":"load","pages":2,"label":"Load 1 · P08 · 1 location sign"},{"role":"load","pages":2,"label":"Load 2 · P46 · 1 location sign"},{"role":"load","pages":2,"label":"Load 3 · P47 · 1 location sign"},{"role":"load","pages":2,"label":"Load 4 · P51 · 1 location sign"},{"role":"load","pages":2,"label":"Load 5 · T0085 · 1 location sign"},{"role":"load","pages":2,"label":"Load 6 · T0089 · 1 location sign"}]
PASS P8 the name is remembered on this device for next time — Test Person
PASS P9 one load asks too; "Not yet" closes it and nothing is made; the name is already filled in — {"open":false,"panel":false,"pre":"Test Person"}
PASS P11 each red item is one tap from Edit: "Fix in Edit" closes the check and opens that item (drop-off and Pin the way in) — {"k":"T0085","hash":"#asset/T0085","open":false,"drawer":false,"way":true}
PASS P10 the install-team sheets are not held up by the driver check — {"asked":false,"panel":true}
PASS P14 a check covers only the loads it was done for: load 1 checked does not stamp load 2 or "all loads" — {"one":true,"other":false,"all":false,"otherStamped":0,"changed":false,"back":true}
PASS P15 a change after the check (a time asked for, here) voids it until it is checked again — {"one":true,"other":false,"all":false,"otherStamped":0,"changed":false,"back":true}
PASS P16 the PDF maker checks again after it syncs: changed data stops it with a plain message — something changed since the check (a location, a way in or a time) - press Drivers again and check it
PASS P17 a change while the check is open: pressing the button shows it again as it stands now - nothing is made — {"again":true,"chg":true,"ok":false}
PASS P18 a direct print link (#print/drivers/…) asks for the check first — {"asked":true}
PASS P19 the time on the sheet is the project time (Brisbane, AEST), whatever the device says — 02 Oct 2026, 05:10 AEST
PASS P20 moving the way in from one pinned point to another voids the check — {"ref":"P08","load":1,"master":true,"wayIn":{"held":true,"afterMove":false},"drop":{"held":true,"printedMoved":true,"afterMove":false},"loadTime":{"day":"2026-09-14","from":"430","to":"05:00","held":true,"afterChange":false},"carrier":{"day":"2026-09-14","from":"IRWINS SUPER TILT","held":true,"afterChange":false},"same":{"held":true,"twice":true}}
PASS P21 moving the drop-off from one pin to another voids the check (when the sheet's drop-off moves) — {"held":true,"printedMoved":true,"afterMove":false}
PASS P22 changing a load time from one valid time to another voids the check — {"day":"2026-09-14","from":"430","to":"05:00","held":true,"afterChange":false}
PASS P22b changing the carrier on a load from one name to another voids the check — {"day":"2026-09-14","from":"IRWINS SUPER TILT","held":true,"afterChange":false}
PASS P23 nothing changed: the check still holds (no false alarms), and it reads the same every time — {"held":true,"twice":true}
PASS P24 the way in moved while the check is open: pressing the button shows it again as it stands now - nothing is made — {"ref":"P08","again":true,"chg":true,"held":false}
PASS P25 the printed sheet's way in is the one the text gives, and follows a change from one pinned point to another — {"ref":"P08","a":{"text":"turn in at -27.970000, 153.430000","onSheet":true},"b":{"text":"turn in at -27.975000, 153.432000","onSheet":true,"oldGone":true},"pit":{"ref":"T0001","text":"turn in at -27.984841, 153.426813","onSheet":true,"wayIn":["turn in at -27.984841, 153.426813"]}}
PASS P26 an item that reports to the pit lane prints the pit lane's way in, the one its text gives — {"ref":"T0001","text":"turn in at -27.984841, 153.426813","onSheet":true,"wayIn":["turn in at -27.984841, 153.426813"]}
PASS E1 no page errors — []
28/28 phone · day 2026-10-06
