PASS Today still carries Where we are, one set of buttons  {"embedded":true,"hacts":1,"folds":[{"name":"By branch","open":false,"words":"4 branches and all of them together · who gets the revenue, and what each branch charges the V8s — the contracts by the rate and the charge lines by kind"},{"name":"Money","open":false,"words":"revenue · direct costs known so far · the difference — revenue is what Coates charges the V8s, a direct cost is what Coates pays for the job"},{"name":"On site","open":false,"words":"what has gone out, by date"}],"byGroupOpen":true,"jump":["Today","Today’s work","By group","By branch","Money","On site","Trade by trade"],"packed":3,"wide":0}
PASS By branch, Money and On site fold; By group stays open  [{"name":"By branch","open":false,"words":"4 branches and all of them together · who gets the revenue, and what each branch charges the V8s — the contracts by the rate and the charge lines by kind"},{"name":"Money","open":false,"words":"revenue · direct costs known so far · the difference — revenue is what Coates charges the V8s, a direct cost is what Coates pays for the job"},{"name":"On site","open":false,"words":"what has gone out, by date"}]
PASS a fold's line carries words, not figures  ["4 branches and all of them together · who gets the revenue, ","revenue · direct costs known so far · the difference — reven","what has gone out, by date"]
PASS jump buttons: Today, Today's work, By group, By branch, Money, On site, Trade by trade  ["Today","Today’s work","By group","By branch","Money","On site","Trade by trade"]
PASS no page wider than the screen  0
PASS Today's work, By group and By branch are packed  3
PASS no two cards overlap  []
PASS programme card in one band across  {"h":296,"pgm":1589,"next":1589,"keys":1589}
PASS opening a card's More info repacks with no overlap  {"mi":"opened","overlaps":[]}
PASS each jump button lands its part at the top (or as far as the page goes)  [{"name":"Today","top":12,"end":false,"open":null},{"name":"Today’s work","top":12,"end":false,"open":null},{"name":"By group","top":12,"end":false,"open":null},{"name":"By branch","top":12,"end":false,"open":true},{"name":"Money","top":100,"end":true,"open":true},{"name":"On site","top":291,"end":true,"open":true},{"name":"Trade by trade","top":12,"end":false,"open":null}]
PASS a jump to a fold opens it  [{"name":"By branch","top":12,"end":false,"open":true},{"name":"Money","top":100,"end":true,"open":true},{"name":"On site","top":291,"end":true,"open":true}]
PASS no overlap with every fold open  []
PASS opened folds stay open through a redraw  ["By branch:true","Money:true","On site:true"]
PASS the date control redraw keeps the folds and one jump row  {"f":["By branch:true","Money:true","On site:true"],"n":1}
PASS Print opens every fold for the paper  {"called":1,"during":[true,true,true]}
PASS on paper: By branch, Money, On site printed with their headings (On site has its own), nothing packed, no jump row  {"branches":true,"money":true,"out":true,"summaries":0,"heads":2,"rows":"auto","jump":false}
PASS after the print the folds close again  [false,false,false]
PASS a narrower window repacks with no overlap  []
PASS round trip comes back packed and folded  {"embedded":true,"hacts":1,"folds":[{"name":"By branch","open":false,"words":"4 branches and all of them together · who gets the revenue, and what each branch charges the V8s — the contracts by the rate and the charge lines by kind"},{"name":"Money","open":false,"words":"revenue · direct costs known so far · the difference — revenue is what Coates charges the V8s, a direct cost is what Coates pays for the job"},{"name":"On site","open":false,"words":"what has gone out, by date"}],"byGroupOpen":true,"jump":["Today","Today’s work","By group","By branch","Money","On site","Trade by trade"],"packed":3,"wide":0}
PASS no page errors  []
desktop: 20/20
