{
 "pass": true,
 "checks": {
  "c1_everyLoadWithAFigureCounted": true,
  "c1_wc05HasTwoTrucks": true,
  "c1_transportCostIsEveryLoad": true,
  "c4_noUndatedDocketInAccruals": true,
  "c2_relocationNoteOnThePL": true,
  "card_knownEqualsThePL": true,
  "card_jobIsKnownPlusToCome": true,
  "card_fencingToComeIsTheWeeks": true,
  "card_fencingNamesWhatIsNotRated": true,
  "card_revenueToJobEnd": true,
  "card_wagesOnTheirOwnLine": true,
  "card_gapsListed": true,
  "readOnly": true,
  "v763_everyMonthStillAddsToRevenue": true,
  "v760_branchesStillReconcile": true,
  "wordsPresent": true,
  "noBrokenValues": true,
  "noHorizontalOverflow": true,
  "noErrors": true,
  "noWriteLeftThePage": true
 },
 "transport": {
  "counted": 22011.39,
  "countedRefs": 37,
  "every": 37,
  "everySum": 22011.39,
  "refs": 23,
  "oursRefs": 0,
  "kAmount": 22011.39,
  "wc05": 2
 },
 "c4": {
  "undatedInAccruals": 0,
  "workbookUndated": {
   "id": "workbook:Week 6:row3",
   "week": "Week 6",
   "paid": 2475
  },
  "sepFenceCostSources": 63,
  "sepFenceCostCandidate": 75871.5
 },
 "card": {
  "known": 235371.76,
  "plKnown": 235371.76,
  "toCome": 167928.67,
  "job": 403300.43,
  "wages": {
   "toDate": 6925.4,
   "toCome": 24898.58,
   "unpricedHours": 1626,
   "known": 6925.4,
   "toCome2": 24898.58,
   "job": 31823.98
  },
  "revenue": {
   "record": 555929.94,
   "fenceToCome": 200547.71,
   "job": 756477.65,
   "noCardRate": {
    "Crowd Control Barriers (m) — Flat Feet": 256,
    "Temporary Fence (m) — Hoarding": 137,
    "Crowd Control Barriers (m) — WPF": 135
   }
  },
  "fencing": {
   "cost": 138979.5,
   "revenue": 200547.71,
   "weeksSum": 138979.5,
   "weeksRev": 200547.71,
   "weeks": [
    {
     "w": "CON WK3",
     "state": "in progress",
     "cost": 29112.4,
     "rev": 33626.85,
     "n": 7
    },
    {
     "w": "CON WK2",
     "state": "to come",
     "cost": 20916.3,
     "rev": 29439.51,
     "n": 7
    },
    {
     "w": "CON WK1",
     "state": "to come",
     "cost": 54522.8,
     "rev": 86295.88,
     "n": 8
    },
    {
     "w": "EVENT WEEK",
     "state": "to come",
     "cost": 34428,
     "rev": 51185.47,
     "n": 8
    }
   ],
   "hourly": {
    "Relocation": 692
   },
   "noCostRate": {
    "removal": 968,
    "Crowd Control Barriers (m) — Flat Feet": 256,
    "Temporary Fence (m) — Hoarding": 137,
    "Crowd Control Barriers (m) — WPF": 135
   },
   "noCardRate": {
    "Crowd Control Barriers (m) — Flat Feet": 256,
    "Temporary Fence (m) — Hoarding": 137,
    "Crowd Control Barriers (m) — WPF": 135
   },
   "notRolled": [
    "Demob Week 1",
    "Demob Week 2",
    "Demob Week 3"
   ]
  },
  "rows": [
   {
    "stream": "Fencing — Advanced Temporary Fencing, rehire cost",
    "toDate": 77121.5,
    "toCome": 138979.5,
    "job": 216101,
    "inPl": true
   },
   {
    "stream": "Toilets — Event Portables, rehire cost",
    "toDate": 118575,
    "toCome": 0,
    "job": 118575,
    "inPl": true
   },
   {
    "stream": "Transport (cartage) — carriers’ charges",
    "toDate": 22011.39,
    "toCome": 22364.46,
    "job": 44375.85,
    "inPl": true
   },
   {
    "stream": "Accommodation",
    "toDate": 15564.34,
    "toCome": 6584.71,
    "job": 22149.05,
    "inPl": true
   },
   {
    "stream": "Meals, expenses and equipment R&M",
    "toDate": 2099.53,
    "toCome": 0,
    "job": 2099.53,
    "inPl": true
   },
   {
    "stream": "Labour — wages (the running sheet)",
    "toDate": 6925.4,
    "toCome": 24898.58,
    "job": 31823.98
   }
  ]
 },
 "errors": [],
 "console": [],
 "overflow": 0
}
