PASS register counts real towers once: 3 rows, 7 towers (LT05, LT06, T0002 ×5)
PASS 18 rows leave the register: 4 D024 keyed callouts, 13 circuit fans, 1 copy
PASS the circuit fans are big-screen symbols, not in the register
PASS every left-out row is still reachable through assetOf
PASS their charge lines are empty; T0002 keeps its line
PASS counts behind the words: 7 on record, 5 complete, D024 keys 6, 13 screens, 17 symbols, BOQ still to be done
PASS the chip equals the card (71.43%)
PASS no ≥ anywhere for Lighting
PASS the six other groups still show their readings
PASS state: unconfirmed (no scope file)
PASS Lighting reads 5 of 7 (71.43%), labelled "Complete in recorded scope"
PASS the chip carries the tag once, and says why
PASS the Lighting card says the same (once), no surplus note without a map scope
PASS the whole job is unavailable: "—", its caption, unlit lights with a matching label, no all-green
PASS the model keeps the Lighting row readable (71.43) while the whole job is unavailable
PASS the independent seven-group calculation also has no value
PASS the basis explains it in plain words
PASS the Lighting card fold carries one scope note
PASS LT01 opens from its link on the D024 sheet with the callout notice, first in the drawer (once)
PASS LTC01 opens with the big-screen notice, citing the confirmation
PASS NVLT opens with the copy notice: counted with T0002
PASS T0002 names its copy, and offers to open the copy
PASS the LT01 pill on D024 is a keyboard button; Enter opens its drawer with the notice; focus is in the drawer
PASS the finder finds LT01 and a pick goes to its callout on D024
PASS redraws keep one note in each place
PASS readings unchanged by the redraw
PASS the record is unchanged
PASS no horizontal overflow
PASS no runtime errors
PASS no attempted live writes
phone unconfirmed: 30/30
