PASS  desktop  antialias: multisampled canvas  {"antialias":true,"samples":4,"webgl2":true,"maxAniso":16}
PASS  desktop  fx-quality loaded (window.__fx)
PASS  desktop  rung picked on load  laptop
PASS  desktop  laptop: still pixel ratio = 2 (buffer 2260x1604)  {"ratio":2,"megapixels":3.63}
PASS  desktop  laptop: prints redrawn at 1x, as far as the budget allows (1x; 71/71, 26.97 MP)
PASS  desktop  laptop: prints inside the 40 MP budget for this setting (or every one at its own size)  26.97 MP at 1x, budget 40 MP
      desktop laptop: frame 20 ms (median of 3, software renderer), 3.63 MP
PASS  desktop  balanced: still pixel ratio = 2 (buffer 2260x1604)  {"ratio":2,"megapixels":3.63}
PASS  desktop  balanced: post stack multisampled  4
PASS  desktop  balanced: prints redrawn at 1.5x, as far as the budget allows (1.3x; 71/71, 39.96 MP)
PASS  desktop  balanced: prints inside the 40 MP budget for this setting (or every one at its own size)  39.96 MP at 1.3x, budget 40 MP
      desktop balanced: frame 20756 ms (median of 3, software renderer), 3.63 MP
PASS  desktop  high: still pixel ratio = 2 (buffer 2260x1604)  {"ratio":2,"megapixels":3.63}
PASS  desktop  high: post stack multisampled  4
PASS  desktop  high: prints redrawn at 2x, as far as the budget allows (1.665x; 71/71, 55.96 MP)
PASS  desktop  high: prints inside the 56 MP budget for this setting (or every one at its own size)  55.96 MP at 1.665x, budget 56 MP
      desktop high: frame 20569 ms (median of 3, software renderer), 3.63 MP
PASS  desktop  ultra: still pixel ratio = 3.025 (buffer 3418x2426)  {"ratio":3.025,"megapixels":8.29}
PASS  desktop  ultra: 3840 x 2160 worth of pixels (or 4x a small screen: 8.29 MP)  8.29 MP
PASS  desktop  ultra: post stack multisampled  4
PASS  desktop  ultra: prints redrawn at 2x, as far as the budget allows (2x; 71/71, 71.44 MP)
PASS  desktop  ultra: prints inside the 72 MP budget for this setting (or every one at its own size)  71.44 MP at 2x, budget 72 MP
PASS  desktop  ultra: every print at the full 2× its rung asks for  2x, 71.44 MP
      desktop ultra: frame 38213 ms (median of 3, software renderer), 8.29 MP
PASS  desktop  every texture mipmapped (105 textures)  []
PASS  desktop  every texture filtered at 16x anisotropy  []
PASS  desktop  livery atlas mipmapped and anisotropic  {"mip":true,"aniso":16}
PASS  desktop  Quality Balanced/Laptop round and round: the renderer's texture count stays put  after rounds 1-3: 86 → 86 → 86
PASS  desktop  4K capture is a 3840 x 2160 PNG  {"bytes":10119556}
PASS  desktop  4K capture puts the canvas back at its own size  {"before":[2260,1604],"after":[2260,1604]}
PASS  desktop  no page or console errors  []

27/27 checks passed (v8.09_coates_way_machine_DRAFT/evidence/../work)
