[work desk 34s] ready
PASS  the first frame he is seen walking out is drawn at the sill, crouched, facing the right way  — {"phase":"crawlout","off":0,"yawOff":0,"post":"crouch"}
PASS  …and the same after a Reset from the safe spot  — {"phase":"crawlout","off":0,"yawOff":0,"post":"crouch"}
PASS  Explode again at "the door opening (a second press while it opens)" → the driver back in his seat, door shut, car together  — pressed at {"state":"exiting","phase":"door","door":0.5}; settled in 0.4 s; crew free true
PASS  Explode again at "crouched in the doorway" → the driver back in his seat, door shut, car together  — pressed at {"state":"exiting","phase":"crawlout","door":1}; settled in 0.7 s; crew free true
PASS  Explode again at "standing up" → the driver back in his seat, door shut, car together  — pressed at {"state":"exiting","phase":"rise","door":1}; settled in 0.7 s; crew free true
PASS  Explode again at "stepping out of the door's swing" → the driver back in his seat, door shut, car together  — pressed at {"state":"exiting","phase":"stepout","door":1}; settled in 2.7 s; crew free true
PASS  Explode again at "walking away, the car still whole" → the driver back in his seat, door shut, car together  — pressed at {"state":"exiting","phase":"walkaway","door":0.944}; settled in 4.1 s; crew free true
PASS  Explode again at "walking away, the car coming apart" → the driver back in his seat, door shut, car together  — pressed at {"state":"exiting","phase":"walkaway","door":0}; settled in 6.9 s; crew free true
PASS  Explode again at "out at the safe spot, the car apart" → the driver back in his seat, door shut, car together  — pressed at {"state":"out","phase":null,"door":0}; settled in 17.9 s; crew free true
PASS  Explode again at "walking back, the car whole again" → out again and the car apart; a further press brings him back in  — pressed at {"state":"returning","phase":"walkback","door":0}; settled in 4 s, back in 17.8 s; crew free true
PASS  Explode again at "stepping in through the open door" → out again and the car apart; a further press brings him back in  — pressed at {"state":"returning","phase":"stepin","door":1}; settled in 10 s, back in 17.9 s; crew free true
PASS  Explode again at "ducking into his seat" → out again and the car apart; a further press brings him back in  — pressed at {"state":"returning","phase":"duck","door":1}; settled in 11.2 s, back in 17.9 s; crew free true
PASS  Explode twice within 0.6 s: seated again at once, the crew free; a third press gets him out and the car apart, a fourth brings both back  — {"t":0.1,"crew":true,"out":13.6,"back":17.9,"bad":[],"ex":{"state":"seated","phase":null,"door":0,"seated":true,"doorTo":0,"spreadStarted":true,"reach":{"x":-0.7737820744514465,"z":-0.9658676981925964,"len":2.419701874256134,"out":[2.6293143132718164,-2.199227594718445]},"halt":false,"pos":[0.7,-1.5],"spreadTarget":0}}
PASS  Reset at "the door opening (a second press while it opens)" → seated, door shut, crew free; then Explode works again  — {"e":{"state":"seated","phase":null,"door":0,"seated":true,"doorTo":0,"spreadStarted":false,"reach":{"x":-0.7737820744514465,"z":-0.9658676981925964,"len":2.419701874256134,"out":[2.6293143132718164,-2.199227594718445]},"halt":false,"pos":[0.7,-1.5],"spreadTarget":0},"walker":false,"again":21.6,"home":17.9,"bad":[]}
PASS  Reset at "crouched in the doorway" → seated, door shut, crew free; then Explode works again  — {"e":{"state":"seated","phase":null,"door":0,"seated":true,"doorTo":0,"spreadStarted":false,"reach":{"x":-0.7737820744514465,"z":-0.9658676981925964,"len":2.419701874256134,"out":[2.6293143132718164,-2.199227594718445]},"halt":false,"pos":[0.7,-1.5],"spreadTarget":0},"walker":false,"again":21.6,"home":17.9,"bad":[]}
PASS  Reset at "standing up" → seated, door shut, crew free; then Explode works again  — {"e":{"state":"seated","phase":null,"door":0,"seated":true,"doorTo":0,"spreadStarted":false,"reach":{"x":-0.7737820744514465,"z":-0.9658676981925964,"len":2.419701874256134,"out":[2.6293143132718164,-2.199227594718445]},"halt":false,"pos":[0.7,-1.5],"spreadTarget":0},"walker":false,"again":21.6,"home":17.9,"bad":[]}
PASS  Reset at "stepping out of the door's swing" → seated, door shut, crew free; then Explode works again  — {"e":{"state":"seated","phase":null,"door":0,"seated":true,"doorTo":0,"spreadStarted":false,"reach":{"x":-0.7737820744514465,"z":-0.9658676981925964,"len":2.419701874256134,"out":[2.6293143132718164,-2.199227594718445]},"halt":false,"pos":[0.7,-1.5],"spreadTarget":0},"walker":false,"again":21.6,"home":17.9,"bad":[]}
PASS  Reset at "walking away, the car still whole" → seated, door shut, crew free; then Explode works again  — {"e":{"state":"seated","phase":null,"door":0,"seated":true,"doorTo":0,"spreadStarted":false,"reach":{"x":-0.7737820744514465,"z":-0.9658676981925964,"len":2.419701874256134,"out":[2.6293143132718164,-2.199227594718445]},"halt":false,"pos":[2.06,-2.01],"spreadTarget":0},"walker":false,"again":21.6,"home":17.9,"bad":[]}
PASS  Reset at "walking away, the car coming apart" → seated, door shut, crew free; then Explode works again  — {"e":{"state":"seated","phase":null,"door":0,"seated":true,"doorTo":0,"spreadStarted":false,"reach":{"x":-0.7737820744514465,"z":-0.9658676981925964,"len":2.419701874256134,"out":[2.6293143132718164,-2.199227594718445]},"halt":false,"pos":[0.71,-2.12],"spreadTarget":0},"walker":false,"again":21.6,"home":17.9,"bad":[]}
PASS  Reset at "out at the safe spot, the car apart" → seated, door shut, crew free; then Explode works again  — {"e":{"state":"seated","phase":null,"door":0,"seated":true,"doorTo":0,"spreadStarted":false,"reach":{"x":-0.7737820744514465,"z":-0.9658676981925964,"len":2.419701874256134,"out":[2.6293143132718164,-2.199227594718445]},"halt":false,"pos":[-4.4,-4.9],"spreadTarget":0},"walker":false,"again":21.6,"home":17.9,"bad":[]}
PASS  Reset at "walking back, the car whole again" → seated, door shut, crew free; then Explode works again  — {"e":{"state":"seated","phase":null,"door":0,"seated":true,"doorTo":0,"spreadStarted":false,"reach":{"x":-0.7737820744514465,"z":-0.9658676981925964,"len":2.419701874256134,"out":[2.6293143132718164,-2.199227594718445]},"halt":false,"pos":[-4.4,-4.9],"spreadTarget":0},"walker":false,"again":21.6,"home":17.9,"bad":[]}
PASS  Reset at "stepping in through the open door" → seated, door shut, crew free; then Explode works again  — {"e":{"state":"seated","phase":null,"door":0,"seated":true,"doorTo":0,"spreadStarted":false,"reach":{"x":-0.7737820744514465,"z":-0.9658676981925964,"len":2.419701874256134,"out":[2.6293143132718164,-2.199227594718445]},"halt":false,"pos":[2.55,-2.2],"spreadTarget":0},"walker":false,"again":21.6,"home":17.9,"bad":[]}
PASS  Reset at "ducking into his seat" → seated, door shut, crew free; then Explode works again  — {"e":{"state":"seated","phase":null,"door":0,"seated":true,"doorTo":0,"spreadStarted":false,"reach":{"x":-0.7737820744514465,"z":-0.9658676981925964,"len":2.419701874256134,"out":[2.6293143132718164,-2.199227594718445]},"halt":false,"pos":[0.7,-1.5],"spreadTarget":0},"walker":false,"again":21.6,"home":17.9,"bad":[]}
PASS  the cockpit view at "the door opening (a second press while it opens)" → seated, door shut, crew free; then Explode works again  — {"e":{"state":"seated","phase":null,"door":0,"seated":true,"doorTo":0,"spreadStarted":false,"reach":{"x":-0.7737820744514465,"z":-0.9658676981925964,"len":2.419701874256134,"out":[2.6293143132718164,-2.199227594718445]},"halt":false,"pos":[0.7,-1.5],"spreadTarget":0},"walker":false,"again":13.6,"home":17.9,"bad":[]}
PASS  the cockpit view at "crouched in the doorway" → seated, door shut, crew free; then Explode works again  — {"e":{"state":"seated","phase":null,"door":0,"seated":true,"doorTo":0,"spreadStarted":false,"reach":{"x":-0.7737820744514465,"z":-0.9658676981925964,"len":2.419701874256134,"out":[2.6293143132718164,-2.199227594718445]},"halt":false,"pos":[0.7,-1.5],"spreadTarget":0},"walker":false,"again":13.6,"home":17.9,"bad":[]}
PASS  the cockpit view at "standing up" → seated, door shut, crew free; then Explode works again  — {"e":{"state":"seated","phase":null,"door":0,"seated":true,"doorTo":0,"spreadStarted":false,"reach":{"x":-0.7737820744514465,"z":-0.9658676981925964,"len":2.419701874256134,"out":[2.6293143132718164,-2.199227594718445]},"halt":false,"pos":[0.7,-1.5],"spreadTarget":0},"walker":false,"again":13.6,"home":17.9,"bad":[]}
PASS  the cockpit view at "stepping out of the door's swing" → seated, door shut, crew free; then Explode works again  — {"e":{"state":"seated","phase":null,"door":0,"seated":true,"doorTo":0,"spreadStarted":false,"reach":{"x":-0.7737820744514465,"z":-0.9658676981925964,"len":2.419701874256134,"out":[2.6293143132718164,-2.199227594718445]},"halt":false,"pos":[0.7,-1.5],"spreadTarget":0},"walker":false,"again":13.6,"home":17.9,"bad":[]}
PASS  the cockpit view at "walking away, the car still whole" → seated, door shut, crew free; then Explode works again  — {"e":{"state":"seated","phase":null,"door":0,"seated":true,"doorTo":0,"spreadStarted":false,"reach":{"x":-0.7737820744514465,"z":-0.9658676981925964,"len":2.419701874256134,"out":[2.6293143132718164,-2.199227594718445]},"halt":false,"pos":[2.06,-2.01],"spreadTarget":0},"walker":false,"again":13.6,"home":17.9,"bad":[]}
PASS  the cockpit view at "walking away, the car coming apart" → seated, door shut, crew free; then Explode works again  — {"e":{"state":"seated","phase":null,"door":0,"seated":true,"doorTo":0,"spreadStarted":false,"reach":{"x":-0.7737820744514465,"z":-0.9658676981925964,"len":2.419701874256134,"out":[2.6293143132718164,-2.199227594718445]},"halt":false,"pos":[0.71,-2.12],"spreadTarget":0},"walker":false,"again":27.1,"home":30.4,"bad":[]}
PASS  the cockpit view at "out at the safe spot, the car apart" → seated, door shut, crew free; then Explode works again  — {"e":{"state":"seated","phase":null,"door":0,"seated":true,"doorTo":0,"spreadStarted":false,"reach":{"x":-0.7737820744514465,"z":-0.9658676981925964,"len":2.419701874256134,"out":[2.6293143132718164,-2.199227594718445]},"halt":false,"pos":[-4.4,-4.9],"spreadTarget":0},"walker":false,"again":27.1,"home":30.4,"bad":[]}
PASS  the cockpit view at "walking back, the car whole again" → seated, door shut, crew free; then Explode works again  — {"e":{"state":"seated","phase":null,"door":0,"seated":true,"doorTo":0,"spreadStarted":false,"reach":{"x":-0.7737820744514465,"z":-0.9658676981925964,"len":2.419701874256134,"out":[2.6293143132718164,-2.199227594718445]},"halt":false,"pos":[-4.4,-4.9],"spreadTarget":0},"walker":false,"again":27.1,"home":30.4,"bad":[]}
PASS  the cockpit view at "stepping in through the open door" → seated, door shut, crew free; then Explode works again  — {"e":{"state":"seated","phase":null,"door":0,"seated":true,"doorTo":0,"spreadStarted":false,"reach":{"x":-0.7737820744514465,"z":-0.9658676981925964,"len":2.419701874256134,"out":[2.6293143132718164,-2.199227594718445]},"halt":false,"pos":[2.55,-2.2],"spreadTarget":0},"walker":false,"again":14.2,"home":17.9,"bad":[]}
PASS  the cockpit view at "ducking into his seat" → seated, door shut, crew free; then Explode works again  — {"e":{"state":"seated","phase":null,"door":0,"seated":true,"doorTo":0,"spreadStarted":false,"reach":{"x":-0.7737820744514465,"z":-0.9658676981925964,"len":2.419701874256134,"out":[2.6293143132718164,-2.199227594718445]},"halt":false,"pos":[0.7,-1.5],"spreadTarget":0},"walker":false,"again":27.1,"home":30.4,"bad":[]}
PASS  Explode: the camera eases round (1.2 s) to his door's side, behind the rear quarter, the door shut until it is there  — {"glide":1.2,"doorShut":true,"hold":"hold","shot":[9.39,4.02,-7.05],"target":[-0.19,0.97,-1.99]}
PASS  …and back to where it was once he can be seen whole from there  — {"backOut":9.9,"atHome":0,"when":"exiting/walkaway"}
PASS  on his way back in: round to his door again, and back to where it was once he is in his seat  — {"goIn":5.2,"shot2":[9.39,4.02,-7.05],"backIn":13.9,"atHome2":0,"bad":[]}
PASS  a drag (the orbit controls start) during the glide leaves the camera with the person at once  — {"mid":"in","mode":null,"moved":0}
PASS  a view button during the glide leaves the camera with the person at once  — {"mid":"in","mode":null,"moved":0}
PASS  last word: the lead out of the pocket by the car's nose, the mechanic in — both arrive, never closer than 0.5 m, no hold over 9 s  — {"doneA":14.7,"doneB":19.5,"minD":0.68,"heldMax":8,"lastWords":1,"A":[-4.8,-2.3],"B":[-3,0.05]}
PASS  last word: the mechanic out of the pocket by the car's nose, the lead in — both arrive, never closer than 0.5 m, no hold over 9 s  — {"doneA":3.8,"doneB":9,"minD":2.16,"heldMax":3.4,"lastWords":0,"A":[-4.8,-2.3],"B":[-3,0.05]}
PASS  last word: the engine out of the pocket by the car's nose, the tech in — both arrive, never closer than 0.5 m, no hold over 9 s  — {"doneA":15.1,"doneB":20,"minD":0.67,"heldMax":8,"lastWords":1,"A":[-4.8,-2.3],"B":[-3,0.05]}
PASS  reduced motion: the camera cuts to his door at once (no glide)  — {"reduced":true,"mode":"hold","jump":19.85}
PASS  no page errors

43/43 passed · work · desk
