[work desk 36s] ready
[work desk 36s] car ["GC500 · original Coates #26","V8 race car — mechanical assemblies",""] hall ["pit-garage"] rims ["Console trim, machined","Wheel rim button IGN","Wheel rim button pad IGN","Wheel rim label IGN","Wheel rim button FUEL","Wheel rim button pad FUEL","Wheel rim label FUEL","Wheel rim button FAN","Wheel rim button pad FAN","Wheel rim label FAN","Wheel rim button LIGHTS","Wheel rim button pad LIGHTS"]
[work desk 36s] cameras [{"name":"car view","p":[-7.131458437900863,1.4969115248215172,3.636807519426506]},{"name":"V8 powertrain view","p":[-6.718343202090829,4.180808440835062,5.366775372677303]}]
[work desk 73s] rest done
[work desk 79s] running done
[work desk 79s] service on {"ok":true,"id":"CAR-BODY-WHEEL-REAR-L"}
[work desk 104s] service phases isolated → supported → wheelOff → inspect → refit → ready
[work desk 110s] driver exit {"state":"out","phase":null,"door":0,"seated":false,"doorTo":0,"spreadStarted":true,"reach":{"x":-0.7737820744514465,"z":-0.9658676981925964,"len":2.419701874256134,"out":[2.6293143132718164,-2.199227594718445]},"halt":false,"pos":[-4.4,-4.9],"spreadTarget":1}

==== work · desk: PASS (2193 samples, crew 20 draws, 115930 triangles)
  operator               samples 2193  sole 900.0…-900.0 cm  slide max 0.0 mm  longest pause 0 s  posts {"sit":2193}
  mechanic               samples 2193  sole -3.0…0.0 cm  slide max 0.0 mm  longest pause 0.75 s  posts {"stand":1880,"kneel":299,"crouch":14}
  tech                   samples 2193  sole -0.0…0.0 cm  slide max 0.0 mm  longest pause 1.25 s  posts {"stand":1676,"crouch":480,"kneel":37}
  engine                 samples 2193  sole -0.0…0.0 cm  slide max 0.0 mm  longest pause 10.5 s  posts {"stand":2193}
  lead                   samples 2193  sole -0.0…0.0 cm  slide max 0.0 mm  longest pause 0 s  posts {"stand":2193}
  driver                 samples 2193  sole 900.0…-900.0 cm  slide max 0.0 mm  longest pause 0 s  posts {"sit":2193}
  safety                 samples 2193  sole 0.0…0.0 cm  slide max 0.0 mm  longest pause 2.5 s  posts {"stand":1924,"crouch":269}
  race driver, walking   samples 178  sole -3.0…0.0 cm  slide max 0.0 mm  longest pause 0 s  posts {"crouch":6,"stand":172}
  crew: longest hold 8.03 s, last words 1; the race driver checked from the camera in use in 178 samples; people seen faded in 296 person-samples
  over the car (feet hidden, helmet seen): tech · car view: no far-side service 0, standing clear 0, with the car apart 0, moving 181, at work 109 [{"t":360.25,"at":[4.97,-0.33],"post":"stand","label":"far wheel service","kind":"moving","goal":[-0.1,-1.65]},{"t":360.5,"at":[4.9,-0.64],"post":"stand","label":"far wheel service","kind":"moving","goal":[-0.1,-1.65]},{"t":360.75,"at":[4.82,-0.95],"post":"stand","label":"far wheel service","kind":"moving","goal":[-0.1,-1.65]}]
  over the car (feet hidden, helmet seen): mechanic · V8 powertrain view: no far-side service 0, standing clear 0, with the car apart 0, moving 79, at work 197 [{"t":360.5,"at":[-0.95,-2.16],"post":"stand","label":"far wheel service","kind":"moving","goal":[1.68,-1.58]},{"t":360.75,"at":[-0.63,-2.09],"post":"stand","label":"far wheel service","kind":"moving","goal":[1.68,-1.58]},{"t":361,"at":[-0.3,-2.01],"post":"stand","label":"far wheel service","kind":"moving","goal":[1.68,-1.58]}]
  over the car (feet hidden, helmet seen): mechanic · car view: no far-side service 0, standing clear 0, with the car apart 0, moving 77, at work 197 [{"t":360.75,"at":[-0.63,-2.09],"post":"stand","label":"far wheel service","kind":"moving","goal":[1.68,-1.58]},{"t":361,"at":[-0.3,-2.01],"post":"stand","label":"far wheel service","kind":"moving","goal":[1.68,-1.58]},{"t":361.25,"at":[0.02,-1.94],"post":"stand","label":"far wheel service","kind":"moving","goal":[1.68,-1.58]}]
  over the car (feet hidden, helmet seen): tech · V8 powertrain view: no far-side service 0, standing clear 0, with the car apart 0, moving 101, at work 109 [{"t":360.75,"at":[4.82,-0.95],"post":"stand","label":"far wheel service","kind":"moving","goal":[-0.1,-1.65]},{"t":362.5,"at":[3.73,-2.46],"post":"stand","label":"far wheel service","kind":"moving","goal":[-0.1,-1.65]},{"t":362.75,"at":[3.49,-2.42],"post":"stand","label":"far wheel service","kind":"moving","goal":[-0.1,-1.65]}]
  over the car (feet hidden, helmet seen): race driver, walking · car view: no far-side service 0, standing clear 0, with the car apart 0, moving 44, at work 6 [{"t":489.75,"at":[0.7,-1.5],"post":"crouch","label":"explode: driver out","kind":"at work","goal":null},{"t":490,"at":[0.7,-1.5],"post":"crouch","label":"explode: driver out","kind":"at work","goal":null},{"t":490.25,"at":[0.7,-1.5],"post":"crouch","label":"explode: driver out","kind":"at work","goal":null}]
  over the car (feet hidden, helmet seen): race driver, walking · V8 powertrain view: no far-side service 0, standing clear 0, with the car apart 0, moving 40, at work 6 [{"t":489.75,"at":[0.7,-1.5],"post":"crouch","label":"explode: driver out","kind":"at work","goal":null},{"t":490,"at":[0.7,-1.5],"post":"crouch","label":"explode: driver out","kind":"at work","goal":null},{"t":490.25,"at":[0.7,-1.5],"post":"crouch","label":"explode: driver out","kind":"at work","goal":null}]
  seated driver [{"label":"rest","helmetTop":1.104,"roofGap":0.074,"roofPart":"roof-26","insideCarBox":true,"gloveToRim":null,"rims":[]},{"label":"rest","helmetTop":1.104,"roofGap":0.074,"roofPart":"roof-26","insideCarBox":true,"gloveToRim":null,"rims":[]}]
