[work phone 28s] ready
[work phone 30s] car ["GC500 · original Coates #26","V8 race car — mechanical assemblies",""] hall ["pit-garage"] rims ["Console trim, machined","Wheel rim button IGN","Wheel rim button pad IGN","Wheel rim label IGN","Wheel rim button FUEL","Wheel rim button pad FUEL","Wheel rim label FUEL","Wheel rim button FAN","Wheel rim button pad FAN","Wheel rim label FAN","Wheel rim button LIGHTS","Wheel rim button pad LIGHTS"]
[work phone 30s] cameras [{"name":"car view","p":[-13.365245360290771,2.3696416939561042,6.75370098062146]},{"name":"V8 powertrain view","p":[-11.8522763449666,7.004471669416737,9.473921886977921]}]
[work phone 68s] rest done
[work phone 74s] running done
[work phone 74s] service on {"ok":true,"id":"CAR-BODY-WHEEL-REAR-L"}
[work phone 98s] service phases isolated → supported → wheelOff → inspect → refit → ready
[work phone 104s] driver exit {"state":"out","phase":null,"door":0,"seated":false,"doorTo":0,"spreadStarted":true,"reach":{"x":-0.7737820744514465,"z":-0.9658676981925964,"len":2.419701874256134,"out":[2.6293143132718164,-2.199227594718445]},"halt":false,"pos":[-4.4,-4.9],"spreadTarget":1}

==== work · phone: PASS (2193 samples, crew 20 draws, 115930 triangles)
  operator               samples 2193  sole 900.0…-900.0 cm  slide max 0.0 mm  longest pause 0 s  posts {"sit":2193}
  mechanic               samples 2193  sole -3.0…0.0 cm  slide max 0.0 mm  longest pause 1.75 s  posts {"stand":1883,"kneel":296,"crouch":14}
  tech                   samples 2193  sole -0.0…0.0 cm  slide max 0.0 mm  longest pause 1.25 s  posts {"stand":1674,"crouch":482,"kneel":37}
  engine                 samples 2193  sole -0.0…0.0 cm  slide max 0.0 mm  longest pause 10.5 s  posts {"stand":2193}
  lead                   samples 2193  sole -0.0…0.0 cm  slide max 0.0 mm  longest pause 0 s  posts {"stand":2193}
  driver                 samples 2193  sole 900.0…-900.0 cm  slide max 0.0 mm  longest pause 0 s  posts {"sit":2193}
  safety                 samples 2193  sole 0.0…0.0 cm  slide max 0.0 mm  longest pause 2.5 s  posts {"stand":1928,"crouch":265}
  race driver, walking   samples 178  sole -3.0…0.0 cm  slide max 0.0 mm  longest pause 0 s  posts {"crouch":6,"stand":172}
  crew: longest hold 8.03 s, last words 1; the race driver checked from the camera in use in 178 samples; people seen faded in 294 person-samples
  over the car (feet hidden, helmet seen): tech · car view: no far-side service 0, standing clear 0, with the car apart 0, moving 170, at work 109 [{"t":360.25,"at":[4.97,-0.33],"post":"stand","label":"far wheel service","kind":"moving","goal":[-0.1,-1.65]},{"t":360.5,"at":[4.9,-0.64],"post":"stand","label":"far wheel service","kind":"moving","goal":[-0.1,-1.65]},{"t":360.75,"at":[4.82,-0.95],"post":"stand","label":"far wheel service","kind":"moving","goal":[-0.1,-1.65]}]
  over the car (feet hidden, helmet seen): tech · V8 powertrain view: no far-side service 0, standing clear 0, with the car apart 0, moving 100, at work 39 [{"t":360.5,"at":[4.9,-0.64],"post":"stand","label":"far wheel service","kind":"moving","goal":[-0.1,-1.65]},{"t":360.75,"at":[4.82,-0.95],"post":"stand","label":"far wheel service","kind":"moving","goal":[-0.1,-1.65]},{"t":361,"at":[4.74,-1.26],"post":"stand","label":"far wheel service","kind":"moving","goal":[-0.1,-1.65]}]
  over the car (feet hidden, helmet seen): mechanic · V8 powertrain view: no far-side service 0, standing clear 0, with the car apart 0, moving 66, at work 179 [{"t":361.75,"at":[-0.59,-2.08],"post":"stand","label":"far wheel service","kind":"moving","goal":[1.68,-1.58]},{"t":362,"at":[-0.26,-2.01],"post":"stand","label":"far wheel service","kind":"moving","goal":[1.68,-1.58]},{"t":362.25,"at":[0.06,-1.93],"post":"stand","label":"far wheel service","kind":"moving","goal":[1.68,-1.58]}]
  over the car (feet hidden, helmet seen): mechanic · car view: no far-side service 0, standing clear 0, with the car apart 0, moving 74, at work 194 [{"t":362,"at":[-0.26,-2.01],"post":"stand","label":"far wheel service","kind":"moving","goal":[1.68,-1.58]},{"t":362.25,"at":[0.06,-1.93],"post":"stand","label":"far wheel service","kind":"moving","goal":[1.68,-1.58]},{"t":362.5,"at":[0.39,-1.86],"post":"stand","label":"far wheel service","kind":"moving","goal":[1.68,-1.58]}]
  over the car (feet hidden, helmet seen): race driver, walking · V8 powertrain view: no far-side service 0, standing clear 0, with the car apart 0, moving 35, at work 6 [{"t":489.75,"at":[0.7,-1.5],"post":"crouch","label":"explode: driver out","kind":"at work","goal":null},{"t":490,"at":[0.7,-1.5],"post":"crouch","label":"explode: driver out","kind":"at work","goal":null},{"t":490.25,"at":[0.7,-1.5],"post":"crouch","label":"explode: driver out","kind":"at work","goal":null}]
  over the car (feet hidden, helmet seen): race driver, walking · car view: no far-side service 0, standing clear 0, with the car apart 0, moving 37, at work 0 [{"t":490.75,"at":[0.82,-1.54],"post":"stand","label":"explode: driver out","kind":"moving","goal":[2.63,-2.2]},{"t":491,"at":[1.04,-1.62],"post":"stand","label":"explode: driver out","kind":"moving","goal":[2.63,-2.2]},{"t":491.25,"at":[1.3,-1.72],"post":"stand","label":"explode: driver out","kind":"moving","goal":[2.63,-2.2]}]
  seated driver [{"label":"rest","helmetTop":1.104,"roofGap":0.074,"roofPart":"roof-26","insideCarBox":true,"gloveToRim":null,"rims":[]},{"label":"rest","helmetTop":1.104,"roofGap":0.074,"roofPart":"roof-26","insideCarBox":true,"gloveToRim":null,"rims":[]}]
