2026-10-03T00:09:05Z start legacy_base_phone
2026-10-03T00:21:59Z end legacy_base_phone rc=1
2026-10-03T00:21:59Z start legacy_work_desk
2026-10-03T00:29:48Z end legacy_work_desk rc=0
2026-10-03T00:29:48Z start legacy_work_phone
2026-10-03T00:30:13Z end legacy_work_phone rc=0
2026-10-03T00:30:13Z start mech_desk
2026-10-03T00:38:17Z end mech_desk rc=0
2026-10-03T00:38:17Z start mech_phone
2026-10-03T00:42:47Z end mech_phone rc=0 (from log)
2026-10-03T02:02:09Z start driver_desk
2026-10-03T02:03:46Z end driver_desk rc=0
2026-10-03T02:03:46Z start driver_phone
2026-10-03T02:05:19Z end driver_phone rc=0
2026-10-03T02:05:19Z start fx_desktop
2026-10-03T02:23:49Z end fx_desktop rc=0
2026-10-03T02:26:59Z start fx_phone
2026-10-03T02:33:43Z end fx_phone rc=0
2026-10-03T02:33:43Z start fx_hidden
2026-10-03T02:34:53Z end fx_hidden rc=0
2026-10-03T02:34:53Z start ui_phone
2026-10-03T02:44:22Z end ui_phone rc=0
2026-10-03T02:46:40Z start ui_desktop
2026-10-03T02:52:11Z end ui_desktop rc=0
2026-10-03T02:53:17Z start ui_tablet
2026-10-03T03:03:57Z end ui_tablet rc=0
2026-10-03T03:04:37Z start ui_4k
2026-10-03T03:12:39Z end ui_4k rc=1
2026-10-03T03:38:39Z start people_desk
2026-10-03T03:40:33Z end people_desk rc=0
2026-10-03T03:40:33Z start people_phone
2026-10-03T03:42:22Z end people_phone rc=0
2026-10-03T03:42:22Z QUEUE DONE
2026-10-03T03:42:50Z start ui_4k_r2
2026-10-03T03:51:00Z end ui_4k_r2 rc=0
2026-10-03T03:51:00Z start ui_phone_quick_r2
2026-10-03T03:57:17Z end ui_phone_quick_r2 rc=0
2026-10-03T03:57:17Z QUEUE3 DONE
