v8.09 interface tests · v8.09_coates_way_machine_DRAFT/work · phone 390×844 @2 touch
PASS  no sideways scroll on the page  — 390 wide on 390
PASS  the whole dock is on the first screen  — dock 657–812 of 844
PASS  nothing is open at rest
PASS  dock words a readable size on this screen  — Start V8 at 12.0 px
PASS  quiet status: "Ready to run" still read by a screen reader (visually hidden, not display:none)  — {"quiet":true,"text":"Ready to run","display":"block","visibility":"visible","zoom":1,"w":1,"h":1,"overflow":"hidden","clipPath":"inset(50%)","clip":"rect(0px, 0px, 0px, 0px)"}
  survey: 271 points · 55 on garage exhibits (6 different) · 40 on parts · 176 on nothing
PASS  tap 1 at 278,207 (exhibit: The overhead crane): at most one card or dialog open  — 1 open (exhibit)
PASS  tap 1 at 278,207 (exhibit: The overhead crane): ✕ is 44 px or more  — 44×44
PASS  tap 1 at 278,207 (exhibit: The overhead crane): ✕ inside the screen  — [329,381]
PASS  tap 1 at 278,207 (exhibit: The overhead crane): ✕ not covered (elementFromPoint at its centre is the ✕)
PASS  tap 1 at 278,207 (exhibit: The overhead crane): card clear of the dock  — card 368–647, dock from 657
PASS  tap 1 at 278,207 (exhibit: The overhead crane): card clear of the view tabs
PASS  tap 1 at 278,207 (exhibit: The overhead crane): card inside the screen  — [8,368,382,647]
PASS  tap 2 at 14,231 (exhibit: The dyno console): at most one card or dialog open  — 1 open (exhibit)
PASS  tap 2 at 14,231 (exhibit: The dyno console): ✕ is 44 px or more  — 44×44
PASS  tap 2 at 14,231 (exhibit: The dyno console): ✕ inside the screen  — [329,381]
PASS  tap 2 at 14,231 (exhibit: The dyno console): ✕ not covered (elementFromPoint at its centre is the ✕)
PASS  tap 2 at 14,231 (exhibit: The dyno console): card clear of the dock  — card 368–647, dock from 657
PASS  tap 2 at 14,231 (exhibit: The dyno console): card clear of the view tabs
PASS  tap 2 at 14,231 (exhibit: The dyno console): card inside the screen  — [8,368,382,647]
PASS  tap 3 at 14,279 (exhibit: The cooling fan): at most one card or dialog open  — 1 open (exhibit)
PASS  tap 3 at 14,279 (exhibit: The cooling fan): ✕ is 44 px or more  — 44×44
PASS  tap 3 at 14,279 (exhibit: The cooling fan): ✕ inside the screen  — [329,369]
PASS  tap 3 at 14,279 (exhibit: The cooling fan): ✕ not covered (elementFromPoint at its centre is the ✕)
PASS  tap 3 at 14,279 (exhibit: The cooling fan): card clear of the dock  — card 356–647, dock from 657
PASS  tap 3 at 14,279 (exhibit: The cooling fan): card clear of the view tabs
PASS  tap 3 at 14,279 (exhibit: The cooling fan): card inside the screen  — [8,356,382,647]
PASS  tap 4 at 374,399 (exhibit: The tie-downs): at most one card or dialog open  — 1 open (exhibit)
PASS  tap 4 at 374,399 (exhibit: The tie-downs): ✕ is 44 px or more  — 44×44
PASS  tap 4 at 374,399 (exhibit: The tie-downs): ✕ inside the screen  — [329,369]
PASS  tap 4 at 374,399 (exhibit: The tie-downs): ✕ not covered (elementFromPoint at its centre is the ✕)
PASS  tap 4 at 374,399 (exhibit: The tie-downs): card clear of the dock  — card 356–647, dock from 657
PASS  tap 4 at 374,399 (exhibit: The tie-downs): card clear of the view tabs
PASS  tap 4 at 374,399 (exhibit: The tie-downs): card inside the screen  — [8,356,382,647]
PASS  tap 5 at 158,351 (part: GC500 roof, pillars and windscreens): at most one card or dialog open  — 0 open (none)
PASS  tap 6 at 86,375 (part: Far front fender): at most one card or dialog open  — 0 open (none)
PASS  six taps on the scene: never more than one card  — most open at once: 1
PASS  a tap on a garage exhibit opens its card  — The overhead crane
PASS  closes with ✕
PASS  closes with Escape
PASS  closes with a tap on empty scene (none)
PASS  starting the tour closes the card (the tour card takes its place)  — tour-panel
PASS  tour card: at most one card or dialog open  — 1 open (tour-panel)
PASS  tour card: ✕ is 44 px or more  — 44×44
PASS  tour card: ✕ inside the screen  — [329,417]
PASS  tour card: ✕ not covered (elementFromPoint at its centre is the ✕)
PASS  tour card: card clear of the dock  — card 404–647, dock from 657
PASS  tour card: card clear of the view tabs
PASS  tour card: card inside the screen  — [8,404,382,647]
PASS  starting the tour moves focus to its title  — tour-title
PASS  Escape ends the tour
PASS  ending the tour puts focus back on Guided tour  — tour
PASS  switching view closes the card
PASS  a drag (orbit) starting on an exhibit opens nothing
PASS  a drag that comes back to where it began opens nothing
PASS  a long press (0.9 s) opens nothing
PASS  a quick tap on an exhibit (after all that) does open it  — The overhead crane
PASS  pressing and scrolling the card keeps it open
PASS  the card stays until it is closed (no timer)
PASS  Controls ?: at most one card or dialog open  — 1 open (exhibit)
PASS  Controls ?: ✕ is 44 px or more  — 44×44
PASS  Controls ?: ✕ inside the screen  — [329,369]
PASS  Controls ?: ✕ not covered (elementFromPoint at its centre is the ✕)
PASS  Controls ?: card clear of the dock  — card 356–647, dock from 657
PASS  Controls ?: card clear of the view tabs
PASS  Controls ?: card inside the screen  — [8,356,382,647]
PASS  Controls ? opens in the card  — Explore the car
PASS  opening a card moves focus to its title (a dialog named by that title)  — {"focus":"exhibit-name","role":"dialog","named":"exhibit-name","tab":"-1"}
PASS  Controls ? scrolled to the end: at most one card or dialog open  — 1 open (exhibit)
PASS  Controls ? scrolled to the end: ✕ is 44 px or more  — 44×44
PASS  Controls ? scrolled to the end: ✕ inside the screen  — [329,369]
PASS  Controls ? scrolled to the end: ✕ not covered (elementFromPoint at its centre is the ✕)
PASS  Controls ? scrolled to the end: card clear of the dock  — card 356–647, dock from 657
PASS  Controls ? scrolled to the end: card clear of the view tabs
PASS  Controls ? scrolled to the end: card inside the screen  — [8,356,382,647]
PASS  a long card scrolls inside itself, its ✕ stays put in the header  — {"scrolls":true,"top":1190}
PASS  Original cog: at most one card or dialog open  — 1 open (exhibit)
PASS  Original cog: ✕ is 44 px or more  — 44×44
PASS  Original cog: ✕ inside the screen  — [329,369]
PASS  Original cog: ✕ not covered (elementFromPoint at its centre is the ✕)
PASS  Original cog: card clear of the dock  — card 356–647, dock from 657
PASS  Original cog: card clear of the view tabs
PASS  Original cog: card inside the screen  — [8,356,382,647]
PASS  Original cog replaces it (still one card)  — The original Coates Way
PASS  closing the card puts focus back on what opened it (Original cog)  — {"focus":"original","role":"dialog","named":"exhibit-name","tab":"-1"}
PASS  Read more: at most one card or dialog open  — 1 open (exhibit)
PASS  Read more: ✕ is 44 px or more  — 44×44
PASS  Read more: ✕ inside the screen  — [329,369]
PASS  Read more: ✕ not covered (elementFromPoint at its centre is the ✕)
PASS  Read more: card clear of the dock  — card 356–647, dock from 657
PASS  Read more: card clear of the view tabs
PASS  Read more: card inside the screen  — [8,356,382,647]
PASS  Read more opens in the card  — Performance pillars
PASS  Find a part opens the register, nothing else
PASS  register ✕ is 44 px or more  — 44×44
PASS  Find a part during the guided tour: the register is the only thing open (the tour ends)  — register
PASS  …and closing the register leaves nothing open (the tour does not come back)  — none
PASS  Guided tour and the part-details toggle have explicit names  — {"tour":"Guided tour","inspect":"Toggle selected part details","controls":"inspect-content"}
PASS  the steering wheel is in reach from the driver's seat  — {"x":162,"y":405,"n":49,"name":"The seven traits","other":{"x":282,"y":255}}
PASS  V8 running, one finger on the wheel: the steering sways, and holds still while the wheel is held  — {"free":[-0.0008645,-0.0008645,-0.0010829,-0.0012641],"held":[0,0,0]}
PASS  two fingers on the wheel (second finger lifted first): once both are up the wheel lets go and the steering sways again  — {"after":[-0.000083,0.0000931,0.0000931,0.0002342],"events":"down23 down24 up23 up24"}
PASS  two fingers on the wheel (wheel finger lifted first): once both are up the wheel lets go and the steering sways again  — {"after":[0,0,-0.0000398,-0.0002229],"events":"down25 down26 up25 up26"}
PASS  two fingers on the wheel (both cancelled): once both are up the wheel lets go and the steering sways again  — {"after":[0,-0.0011765,-0.0011765,-0.0011555],"events":"down27 down28 cancel27 cancel28"}
PASS  a toast shows for a gear change
PASS  the toast covers no control
PASS  the toast is inside the screen  — [62,278]
PASS  a toast with a card open covers neither  — {"toast":[248,291],"card":[356,647]}
PASS  no page errors

107/107 passed · v8.09_coates_way_machine_DRAFT/work · phone
