GN18  {'generator': 1}    0.183 m  0.224 pt  moves 17.06 m south-east symbol [1.21, 2.89] m  old pin->nearest symbol 17.2 m  at old pin [{'sides_m': [2.5, 6.1], 'color': (0.0, 0.0, 0.0), 'drawing': 144580}]
GN13  {'generator': 1}    0.132 m  0.152 pt  moves 11.64 m north      symbol [1.0, 2.51] m  old pin->nearest symbol 11.5 m  at old pin []
WC06  {'toilet': 2}       0.002 m  0.006 pt  moves  1.51 m south-west tag 1.6 m  (list's to_pt in its own y-frame: 0.18 pt)
WC10  {'toilet': 3}       0.006 m  0.009 pt  moves  2.39 m north-east tag 2.4 m  (list's to_pt in its own y-frame: 0.158 pt)
WC11  {'toilet': 2}       0.002 m  0.005 pt  moves  2.15 m north-east tag 2.2 m  (list's to_pt in its own y-frame: 0.184 pt)
WC12  {'toilet': 4}       0.002 m  0.007 pt  moves  2.42 m west       tag 2.4 m  (list's to_pt in its own y-frame: 0.166 pt)
WC21  {'toilet': 6}       0.006 m  0.005 pt  moves  2.69 m east       tag 2.7 m  (list's to_pt in its own y-frame: 0.123 pt)
WC23  {'toilet': 5}       0.004 m  0.008 pt  moves  2.00 m south-east tag 2.1 m  (list's to_pt in its own y-frame: 0.108 pt)
WC29  {'toilet': 7}       0.005 m  0.003 pt  moves  2.81 m south      tag 2.8 m  (list's to_pt in its own y-frame: 0.12 pt)
WC30  {'toilet': 8}       0.004 m  0.007 pt  moves  1.41 m west       tag 1.4 m  (list's to_pt in its own y-frame: 0.141 pt)
WC33  {'toilet': 17}      0.001 m  0.012 pt  moves  2.61 m south-east tag 2.7 m  (list's to_pt in its own y-frame: 0.1 pt)
WC38  {'toilet': 1}       0.005 m  0.010 pt  moves  1.98 m east       tag 2.2 m  (list's to_pt in its own y-frame: 0.264 pt)
WC40  {'toilet': 5}       0.004 m  0.004 pt  moves  1.86 m south-west tag 1.9 m  (list's to_pt in its own y-frame: 0.253 pt)
WC41  {'toilet': 10}      0.006 m  0.009 pt  moves  2.20 m south-west tag 2.2 m  (list's to_pt in its own y-frame: 0.21 pt)
WC42  {'toilet': 1}       0.005 m  0.010 pt  moves  2.25 m north-east tag 2.3 m  (list's to_pt in its own y-frame: 0.242 pt)
WC43  {'toilet': 10}      0.006 m  0.004 pt  moves  1.64 m south-west tag 1.7 m  (list's to_pt in its own y-frame: 0.167 pt)
WC45  {'toilet': 7}       0.004 m  0.011 pt  moves  1.88 m south-west tag 1.9 m  (list's to_pt in its own y-frame: 0.121 pt)
WC46  {'toilet': 1}       0.004 m  0.007 pt  moves  1.92 m west       tag 1.9 m  (list's to_pt in its own y-frame: 0.098 pt)
WC47  {'toilet': 1}       0.003 m  0.005 pt  moves  2.24 m east       tag 2.2 m  (list's to_pt in its own y-frame: 0.123 pt)
WC48  {'toilet': 4}       0.005 m  0.012 pt  moves  2.65 m west       tag 2.7 m  (list's to_pt in its own y-frame: 0.071 pt)
WC49  {'toilet': 3}       0.005 m  0.003 pt  moves  1.85 m south-west tag 1.9 m  (list's to_pt in its own y-frame: 0.053 pt)
WC53  {'toilet': 3}       0.004 m  0.009 pt  moves  2.18 m north      tag 2.1 m  (list's to_pt in its own y-frame: 0.064 pt)
WC54  {'toilet': 6}       0.004 m  0.005 pt  moves  2.27 m south-east tag 2.3 m  (list's to_pt in its own y-frame: 0.07 pt)
WC55  {'toilet': 1}       0.006 m  0.003 pt  moves  1.61 m west       tag 1.6 m  (list's to_pt in its own y-frame: 0.085 pt)
WC56  {'toilet': 12}      0.003 m  0.008 pt  moves  1.95 m east       tag 2.0 m  (list's to_pt in its own y-frame: 0.074 pt)
WC61  {'toilet': 8}       0.005 m  0.009 pt  moves  1.99 m east       tag 2.0 m  (list's to_pt in its own y-frame: 0.09 pt)
WC67  {'toilet': 2}       0.004 m  0.012 pt  moves  1.35 m east       tag 1.3 m  (list's to_pt in its own y-frame: 0.258 pt)
WC71  {'toilet': 8}       0.005 m  0.005 pt  moves  2.36 m south-west tag 2.4 m  (list's to_pt in its own y-frame: 0.282 pt)
WC72  {'toilet': 1}       0.005 m  0.008 pt  moves  2.87 m north      tag 2.8 m  (list's to_pt in its own y-frame: 0.262 pt)
WC73  {'toilet': 2}       0.003 m  0.010 pt  moves  1.93 m west       tag 1.9 m  (list's to_pt in its own y-frame: 0.145 pt)
generator symbols on the sheet: 19
PASS 0 []
