CP1    {'block': 1}                              0.059 m  0.006 pt  moves 15.92 m east       tag 0.2 m  near:[('toilet', 3.9, 'P68')]
WC09   {'block': 2, 'toilet': 4, 'pee': 6}       0.067 m  0.010 pt  moves  6.57 m north-east tag 6.6 m  near:[('accessible', 5.9, 'WC09'), ('accessible', 9.5, 'WC09')]
WC81   {'toilet': 1}                             0.058 m  0.006 pt  moves  5.75 m west       tag 5.8 m  near:[('block', 3.9, 'P68')]
WC24   {'toilet': 1}                             0.014 m  0.013 pt  moves  5.59 m south      tag 5.5 m  near:[]
WC35   {'toilet': 1}                             0.015 m  0.009 pt  moves  5.65 m north      tag 5.7 m  near:[]
WC65   {'toilet': 1}                             0.020 m  0.009 pt  moves  5.50 m east       tag 5.5 m  near:[]
T0243  {'block': 1}                              0.053 m  0.012 pt  moves  5.37 m north-east tag 0.3 m  near:[('block', 7.4, 'WC20')]
WC26   {'toilet': 1}                             0.054 m  0.005 pt  moves  5.17 m north-east tag 5.1 m  near:[]
WC68   {'toilet': 1}                             0.039 m  0.010 pt  moves  5.06 m south      tag 5.0 m  near:[]
WC86   {'accessible': 1}                         0.001 m  0.003 pt  moves  5.06 m south      tag 5.1 m  near:[('toilet', 6.5, 'WC86'), ('toilet', 3.7, 'WC86')]
WC25   {'toilet': 1}                             0.043 m  0.003 pt  moves  4.97 m south      tag 5.0 m  near:[]
WC34   {'toilet': 1}                             0.054 m  0.001 pt  moves  5.02 m north      tag 5.0 m  near:[]
WC70   {'toilet': 1}                             0.056 m  0.011 pt  moves  4.80 m north-east tag 4.7 m  near:[('pee', 9.9, 'WC70')]
WC19   {'toilet': 1}                             0.049 m  0.004 pt  moves  4.36 m south      tag 4.4 m  near:[]
WC16   {'block': 2}                              0.058 m  0.004 pt  moves  4.09 m north      tag 4.1 m  near:[('block', 3.9, 'WC16'), ('block', 6.7, 'WC16'), ('block', 9.0, 'WC16'), ('block', 7.1, 'WC16')]
WC17   {'block': 2}                              0.032 m  0.013 pt  moves  4.10 m west       tag 4.1 m  near:[('block', 0.0, 'WC17'), ('block', 9.4, 'WC17'), ('block', 7.5, 'P10')]
WC44   {'toilet': 2}                             0.027 m  0.008 pt  moves  3.97 m north-east tag 4.0 m  near:[]
WC39   {'toilet': 2}                             0.038 m  0.010 pt  moves  3.58 m south-east tag 3.9 m  near:[]
WC62   {'toilet': 2}                             0.033 m  0.004 pt  moves  3.24 m south-west tag 3.3 m  near:[]
WC04   {'toilet': 1}                             0.053 m  0.008 pt  moves  3.22 m north-west tag 3.2 m  near:[('block', 6.4, 'P44'), ('block', 3.5, 'P58')]
WC02   {'toilet': 1}                             0.052 m  0.006 pt  moves  3.15 m south-west tag 3.2 m  near:[('toilet', 9.9, 'P41'), ('block', 5.6, 'P41')]
WC28   {'toilet': 1}                             0.020 m  0.012 pt  moves  3.09 m south-west tag 3.1 m  near:[('accessible', 5.4, 'WC28'), ('accessible', 5.4, 'WC28')]
WC50   {'toilet': 1}                             0.055 m  0.004 pt  moves  3.05 m south-west tag 3.1 m  near:[]
PASS 0 []
