PASS source
PASS sourceNotModel
PASS forklift
PASS tilt
PASS tbc
PASS notDoor
PASS crane
PASS franna
PASS editor
PASS identity
PASS nativeSheet
PASS drop
PASS checklist
PASS seven
PASS merge
PASS persist
PASS retained
PASS invalid
PASS legacy
PASS none
PASS clear
PASS clearWarning
PASS money
PASS restore
PASS coverage
PASS sourceReview
PASS boqReview
PASS split
PASS splitIdentity
PASS splitEvidence
PASS reference handling visible
PASS no horizontal overflow
PASS no runtime errors
PASS no attempted live writes
phone: 34/34
