PASS D001 picture is the v8.93 render of the aligned scene (2600 x 1837) and the v8.89 / 17 Sep pictures left the media list {"sheet":true,"px":[2600,1837],"url":"bc9c1dd15df65fb3a718070a0.webp"}
PASS CP1, T0265 and WC81 are back on their 17 Sep positions (the inset did not move on the paper) {"CP1":{"pt":[0.90642,0.76348],"back":true},"WC81":{"pt":[0.90659,0.74246],"back":true},"T0265":{"pt":[0.89304,0.85273],"back":true}}
PASS every pin picture is in the media list; close-ups 771 x 491 and context pictures 937 x 613 load {"thumbs":{"P45":[[771,491],[937,613]],"WC81":[[771,491],[937,613]],"CP1":[[771,491],[937,613]],"WC51":[[771,491],[937,613]],"P60":[[771,491],[937,613]]},"served":11}
PASS navigation pins as v8.89 set them: P45, WC51, WC38, WC39 and WC10 on the 2 Oct master, every other pin as live (masterFixFor = ll for every unit-tagged pin; T0265 is a label, not a tag, so it has no master fix, as on live) {"P45":{"ll":[-27.988119,153.4300493],"fix":[-27.988119,153.4300493],"unit":true},"WC51":{"ll":[-27.9928571,153.4304602],"fix":[-27.9928571,153.4304602],"unit":true},"WC38":{"ll":[-27.9835978,153.4241101],"fix":[-27.9835978,153.4241101],"unit":true},"WC39":{"ll":[-27.9836022,153.423968],"fix":[-27.9836022,153.423968],"unit":true},"WC10":{"ll":[-27.9845026,153.4277044],"fix":[-27.9845026,153.4277044],"unit":true},"CP1":{"ll":[-27.99749,153.428257],"fix":[-27.99749,153.428257],"unit":true},"WC81":{"ll":[-27.997491,153.42851],"fix":[-27.997491,153.42851],"unit":true},"T0265":{"ll":[-27.99729,153.427182],"fix":null,"unit":false},"P60":{"ll":[-27.994054,153.430612],"fix":[-27.994054,153.430612],"unit":true},"WC48":{"ll":[-27.993745,153.430484],"fix":[-27.993745,153.430484],"unit":true}}
PASS page-side fencing geometry still binds to the 17 Sep frame (37792f0a...) {"geometry":127,"masters":["37792f0a9d32"]}
PASS MASTER markers sit where MASTER_LOC puts them, within the page's own 0.05 CSS px rounding of the data position at this stage width (26 references read from the page's own layout; worst 0.049 px) {}
PASS every checked tag pin is on its 2 Oct tag (24 with a tag: the inset pins, the flagged set, the moved set and every 9th tag pin) {}
PASS the inset cluster: WC81 on its tag, P68 tag beside it, CP1 (leader line from D022, no tag) and T0265 (OP42 label) back where the 17 Sep issue had them {"WC81":{"marker":[0.9065693430656935,0.7424911292213184],"sheet_pt":[2161.3,1250.4],"label_boxes":1,"off_pt":0,"off_m":0,"on_label":true,"tag":true,"read":"transform","stage_px":1370,"off_css_px":[0.028,0.03],"matches_data":true,"drawn":true},"CP1":{"marker":[0.9064233576642335,0.7634631202094815],"sheet_pt":[2160.9,1285.7],"label_boxes":0,"off_pt":null,"off_m":null,"on_label":null,"tag":false,"read":"transform","stage_px":1370,"off_css_px":[0.005,0.016],"matches_data":true,"drawn":true},"T0265":{"marker":[0.8930656934306569,0.8527232197847172],"sheet_pt":[2129.1,1436],"label_boxes":0,"off_pt":null,"off_m":null,"on_label":null,"tag":false,"read":"transform","stage_px":1370,"off_css_px":[0.035,0.007],"matches_data":true,"drawn":true},"P68_from_WC81_pt":8.7}
PASS the first diff's flagged references (P60, P62, P63, WC48, WC49, WC51, WC81) each sit on their 2 Oct tag {"P60":{"marker":[0.8982481751824817,0.15031648713190737],"sheet_pt":[2141.4,253.1],"label_boxes":2,"off_pt":0,"off_m":0,"on_label":true,"tag":true,"read":"transform","stage_px":1370,"off_css_px":[0.011,0.042],"matches_data":true,"drawn":true},"P62":{"marker":[0.8887591240875912,0.15103965923494747],"sheet_pt":[2118.8,254.4],"label_boxes":2,"off_pt":0,"off_m":0,"on_label":true,"tag":true,"read":"transform","stage_px":1370,"off_css_px":[0.001,0.029],"matches_data":true,"drawn":true},"P63":{"marker":[0.8844525547445256,0.15134959013625038],"sheet_pt":[2108.5,254.9],"label_boxes":2,"off_pt":0,"off_m":0,"on_label":true,"tag":true,"read":"transform","stage_px":1370,"off_css_px":[0.017,0.02],"matches_data":true,"drawn":true},"WC48":{"marker":[0.8778832116788321,0.16085413777620602],"sheet_pt":[2092.9,270.9],"label_boxes":2,"off_pt":0,"off_m":0,"on_label":true,"tag":true,"read":"transform","sta
PASS marker positions on screen agree with their data (bounding boxes against style, for the markers laid out) {"seen":26,"agree":26}
PASS D001 sector labels sit on their 2 Oct text (20 sectors, all within 1 pt) {"S01":0,"S02":0,"S04":0,"S05":0,"S07":0,"S08":0,"S10":0,"S11":0,"S12":0,"S13":0,"S14":0,"S15":0,"S18":0,"S19":0,"S20":0,"S21":0,"S22":0,"S22A":0,"S23":0,"S25":0}
PASS D001 gate markers sit on their 2 Oct gate text (8 gates with text on the 2 Oct sheet) {"G1":0,"G2":0,"G3":0,"G4":0,"G6":0,"G8":0,"G8a":0,"G9":0}
PASS explorer scene is the 2 Oct issue in the 17 Sep frame with the v8.93 window clip; pyramid files carry the v8.93 token {"sha":"8753d875cf90","records":301253,"levels":26,"files":["Llow-84e7872ac157.bin","L-0.75-84e7872ac157.bin"]}
PASS tiles held in every explorer mode {"hybrid":{"tiles":8,"mode":"hybrid"},"satellite":{"tiles":8,"mode":"satellite"},"original":{"tiles":8,"mode":"original"}}
PASS plan_items.json (Plan on satellite in its own window) carries the v8.93 pins: inset trio at 17 Sep, WC10 placed, P45 at its 2 Oct place {"CP1":[0.90642,0.76348],"WC81":[0.90659,0.74246],"T0265":[0.89304,0.85273],"WC10":[0.26896,0.38855],"items":161}
PASS explorer search lands on WC81 (inset), P45 and WC10 where the 2 Oct sheet prints them {"WC81":{"found":true,"inView":true,"centre":[2161,1250]},"P45":{"found":true,"inView":true,"centre":[1210,329]},"WC10":{"found":true,"inView":true,"centre":[641,654]}}
PASS the page picture and the explorer render agree: best correlation at (0, 0) for the main plan and for the inset (within one sample, under 3 picture px) {"main":{"best":{"dx":0,"dy":0,"r":0.9530945952534909},"r0":0.9530945952534909,"shift_picture_px":[0,0],"sample_px":2.68,"W":480,"H":256},"inset":{"best":{"dx":0,"dy":0,"r":0.9958395028994576},"r0":0.9958395028994576,"shift_picture_px":[0,0],"sample_px":2.78,"W":480,"H":256}}
PASS 3D proof units: WC10 added from the 2 Oct drawing; P45, WC51, WC38, WC39 follow the 2 Oct master (v8.89 ll); CP1 unchanged {"n":261,"WC10":{"k":"WC10","n":"Toilets","t":"toilets","ll":[-27.9845026,153.4277044],"a":0,"x":0,"note":"New on the master D001-26003-03 issued 2 Oct 2026; position read off that drawing."},"served":1}
PASS no page errors (dashboard or explorer) []
PASS no failed requests (every 4xx/5xx listed) {"bad":[]}
PASS no writes attempted (counts.blocked is 0); explorer served locally {"blocked":0,"liveExplorer":0,"missing":[],"local":250,"mediaServed":18}
laptop: 21/21 pass
