PASS every plan reference is listed on its load day, or on the day recorded on the shared record (40 drops)
PASS no moved row is left on the day the schedule had written
PASS WC34 keeps the Fri 9 Oct recorded on the record, moved from Thu 8 Oct in the recorder's name, not the plan's
PASS WC57 reads Tue 13 Oct, the day recorded on the shared record (the record wins over the plan, for the whole reference), moved from 12 Oct; the plan's Fri 9 Oct stays the plan
PASS WC09: FWF and pee panels on Fri 9 Oct (moved from Thu 8); the two 6 m toilet blocks still Thu 8 Oct; the reference's first day still Thu 8
PASS WC67: the day recorded on the shared record (Tue 13 Oct) moves every row of the reference to it, the 2 FWF on site since 1 Oct included, Load 2's second 2 with them
PASS T0089 is off the plan on the record and not moved: folded under Tue 6 Oct, not on Fri 9 Oct
PASS T0176 (Red Bull, no WC number) reads Mon 19 Oct with Load 4, off Thu 22 Oct
PASS Fri 9 Oct lists WC09, WC34, WC38, WC39, WC40, WC57 and WC61, except WC57, read on the day the record has (2026-10-13), not here — each on its load day or on the day recorded for it
PASS Tue 13 Oct lists WC29, WC67, WC68, WC69, WC70 and WC72 — each on its load day or on the day recorded for it
PASS Thu 15 Oct lists WC46, WC48, WC49, WC51, WC53, WC54 and WC55 — each on its load day or on the day recorded for it
PASS Mon 19 Oct lists the Load 4 and Load 5 references, the pit garages among them — each on its load day or on the day recorded for it
PASS the supplier card and the Load 1 run sheet say T0089 is off the plan on the record and the load is 23 FWF; a record line names each recorded day that differs from its load's day, and only those (today WC57 2026-10-13 against 2026-10-09)
PASS moved-off folds name the rows and the source (Wed 7: 4; Thu 8: WC09 FWF and pee panels, WC34; Mon 12: WC57 and WC67's second drop; Mon 19: 5; Tue 20: 5; Thu 22: T0176)
PASS the drop sheet for Tue 13 Oct carries WC57 on its day; WC57 has no drop sheet on Mon 12 Oct or on Fri 9 Oct
PASS installer text: no "date needs confirmation" on Thu 8 or Fri 9 Oct (the toilet blocks are not the supplier's)
PASS delivery cards: WC09 on Fri 9 reads 9 Oct, 4 / 6, moved from 08 Oct, the plan named; on Thu 8 reads 8 Oct, 2, no plan line
PASS delivery cards: WC57 reads Tue 13 Oct, moved from 12 Oct by the record, the plan beside it; WC34 reads 9 Oct, moved from 08 Oct by the record, the plan beside it
PASS Today's pod counts the day list the Timeline shows (08 Oct: 3 due in)
PASS Where we are is ready
PASS the day lists are the same on a second reading
PASS the Timeline's due in / due out for 9, 13, 15 and 19 Oct equal the day list (09: 6/0, 13: 10/0, 15: 12/0, 19: 29/1)
PASS the WC57 card on the Timeline reads Tue 13 Oct with the plan beside it
PASS a Timeline redraw keeps the day, its cards and the scroll position
PASS the WC09 drawer says the FWF and pee panels come Fri 9 Oct with Load 1 and the toilet blocks stay Thu 8 Oct
PASS the WC09 drawer's In tile keeps Thu 8 Oct on the plan and says the FWF and pee panels go Fri 9 Oct with the plan
PASS Today's pod shows the day list's due-in count (3)
PASS the programme panel's next-milestone due in / due out read the same day list
PASS a Today redraw changes no data or money
PASS no runtime errors
PASS no attempted live writes
phone: 31/31
