PASS labour ticked: pl760Ticks total equals the P&L charge to the cent {"ticks":21137.54,"charge":21137.54}
PASS labour ticked: every line total is whole cents {"halfCents":0}
PASS labour ticked: no phantom "Relocated or moved units" row {"row":"none"}
PASS labour ticked: Accruals card charged equals the P&L charge {"acc":21137.54,"plan":21137.54,"charge":21137.54}
PASS one labour forecast: labourRevenue858 job equals the Accruals Labour Install total {"rev858":67472.86,"accInstall":67472.86,"planInstallGroup":67472.86}
PASS one labour forecast: P&L Installation to job end = labour if all ticked + event people {"instJob":104187.82,"sum":104187.82}
PASS one labour forecast: P&L Installation on the record = labour ticked + event people {"instNow":57852.5}
PASS relocation rule: install forecast on a relocation, demob not {"relocInstall":1,"relocDemob":0}
PASS P&L reconciles: revenue, costs, job end {"revenue":true,"revenueJob":true,"costs":true,"costsJob":true,"quotes":true}
PASS glance revenue to job end equals the P&L {"revJob":981407.37,"glance":981407.37}
PASS glance says labour to tick is inside Revenue to job end, with its amount {"labourToCome":46335.32}
PASS glance has a Labour we charge tile {"tiles":["Revenue","Direct costs","Labour we charge","Difference so far","Month-end for Finance"]}
PASS Labour tile shows total charged so far and total forecast = P&L Installation now/job {"nums":["$—","$—","$—","$—","$—"],"instNow":57852.5,"instJob":104187.82}
PASS glance wages note splits Job Connect from the salary allowance {"snippet":"Priced wages: $— — Job Connect $— + salary allowance forecast $—. 1,294 h of Coates wages remain unpriced. The job-end difference deducts priced wages."}
PASS P&L card names the ledger gross margin as such {}
PASS one place: Forecast P&L header tiles and its Difference line are gone {"kpis":0,"diffLine":0,"metrics":["Ledger gross margin — to job end, before"],"revCount":2,"rev":"$—","flag":true}
PASS one place: the P&L-lines card keeps only the ledger gross margin card ["Ledger gross margin — to job end, before"]
PASS one place: revenue on the record is printed at most 3 times on the page (glance, two table totals) {"revCount":2,"rev":"$—"}
PASS labour card: total labour we charge = P&L Installation, now and to job end {"head":[["Total labour we will charge, to job end","$—"],["What the labour costs us, priced to job end","$—"],["Labour charged less labour cost priced","$—"]],"chargeNow":"$—","chargeJob":"$—","costJob":"$—","raceRow":"24 shifts, 283 h paid, 8 peopl
PASS labour card: total labour cost priced = wages priced to job end {"costJob":"$—","wagesJob":"$—"}
PASS labour card: headline "Total labour we will charge, to job end" equals the P&L Installation to job end {"head":[["Total labour we will charge, to job end","$—"],["What the labour costs us, priced to job end","$—"],["Labour charged less labour cost priced","$—"]],"instJob":"$—"}
PASS labour card: race weekend cost row carries the running sheet’s race-day paid hours {"raceRow":"24 shifts, 283 h paid, 8 people · priced 103 h · 180 h with no pay rate yet","racePaid":283}
PASS Event crew card moved into the working, under the people {}
PASS fold titles in plain words ["By branch — who bills what, and what each branch’s costs are","On Finance’s P&L lines — the same money on the account codes","To job end — what is still to come, and what has no price yet","Hired-in gear — what it costs us and what we charge for it","Month-end — what Finance should accrue for the 
PASS sub-view pricing heading reads as its button does {"h":"Customer rates & charges — Boost Mobile Gold Coast 500"}
PASS sub-view runsheet heading reads as its button does {"h":"Workforce costs — Boost Mobile Gold Coast 500"}
PASS no money on today {"n":0}
PASS no money on timeline {"n":0}
PASS no money on plant {"n":0}
PASS no money on demob {"n":0}
PASS no money on coatesway {"n":0}
PASS no page errors []
PASS no writes attempted {"page":1,"live":64,"blocked":0}
desktop: 33/33 pass
