candidate 9a279ba14c7f929d base 88a3584e919d8acd
source_identity875 exit 1 (expected to stop at the first intended date change) AssertionError
data886 exit 0 data886: PASS - DATA identical to live except the 20 plan rows and their references' span fields
model881 exit 0 12/12 passed
ep886_laptop exit 0 1440 px: 31/31
ep886_phone exit 0 phone: 31/31
where885_2560 exit 0 2560 px: 24/24
where885_1600 exit 0 1600 px: 24/24
where885_1440 exit 0 1440 px: 24/24
where885_phone exit 0 phone: 24/24
wide884_2560 exit 0 2560 px: 21/21
wide884_1600 exit 0 1600 px: 21/21
wide884_1440 exit 0 1440 px: 21/21
wide884_phone exit 0 phone: 21/21
layout876_laptop exit 0 pass 18 fail 0 18/18
crew883_laptop exit 0 pass 0 fail 0 
vms874_laptop exit 0 pass 18 fail 0 18/18
finance866_laptop exit 0 pass 24 fail 0 
asset873_laptop exit 0 pass 40 fail 0 40/40
loading872_laptop exit 0 pass 26 fail 0 26/26
unloading881_laptop exit 0 pass 34 fail 0 34/34
paired881_laptop exit 0 pass 18 fail 0 
handling875_laptop exit 0 pass 22 fail 6 22/28
paired879_laptop exit 0 pass 17 fail 1 
sweep_laptop exit 0 pass 0 fail 0 
  sweep laptop: shown 15 errors 0 blocked 0
layout876_phone exit 0 pass 18 fail 0 18/18
crew883_phone exit 0 pass 0 fail 0 
vms874_phone exit 0 pass 18 fail 0 18/18
finance866_phone exit 0 pass 24 fail 0 
asset873_phone exit 0 pass 40 fail 0 40/40
loading872_phone exit 0 pass 26 fail 0 26/26
unloading881_phone exit 0 pass 34 fail 0 34/34
paired881_phone exit 0 pass 18 fail 0 
handling875_phone exit 0 pass 22 fail 6 22/28
paired879_phone exit 0 pass 17 fail 1 
sweep_phone exit 0 pass 0 fail 0 
  sweep phone: shown 15 errors 0 blocked 0
test_v871 exit 0 pass 12 fail 0 
test_supplier870 exit 0 pass 17 fail 0 
test_kinp869 exit 0 pass 17 fail 0 
DONE
