PASS all seven groups present and open
PASS Today uses the full content width (1568 of 1568 px)
PASS side gutter kept (20 px)
FAIL banner sits in a full-width dark band
PASS banner picture centred inside the band
FAIL banner picture capped at 42% of the screen height (481 px)
PASS progress cards 2 across
FAIL cards in a row share one height
PASS Fencing card spans the full row
FAIL gauge titles on one line and not clipped
PASS contacts 3 across
PASS Today pane is not a keyboard tab stop
FAIL no focus outline drawn around the whole pane
PASS no page-wide horizontal overflow
PASS native automatic instrument animation
PASS redraw retains scroll position
PASS redraw keeps the same layout
PASS redraw does not change data or money
PASS print layout untouched by the screen rules
PASS no runtime errors
PASS no attempted live writes
[[687.859375,740.703125],[734.046875,664.015625],[734.046875,708.859375]] [{"text":"Generators","oneLine":false,"fits":true},{"text":"VMS boards","oneLine":false,"fits":true}]
1600 px: 16/21
