PASS G1 GN21 is beside GN20 at the pit lane west end (D024 arrow 021, its orange symbol on the master), not by Gate 2 — [-27.985403,153.427226,"the orange generator symbol on the master D001, at the end of callout 021's line on D024 (corrected 2 Oct 2026: the 27 Sep trace had followed the wrong line to Gate 2, 423 m away)"]
PASS G2 every generator the master places sends the driver to its orange symbol (within 1 m) — GN01:0 GN03:0 GN04:0 GN06:0 GN10:0 GN13:0 GN18:0 GN19:0 GN20:0 GN21:0 GN23:0 GN24:0
PASS R1 every text stays inside three texts (<= 459 GSM units), all plain — max 459
PASS R2 the order line is on every named unit — P03:ORDER: truck 1 of 6 (P03, P01, P05, WC05 tank, WC05 toilet, P04). Out of order = no entry. | P01:ORDER: truck 2 of 6 - only after P03 is in. Out of order = no entry. | P05:ORDER: truck 3 of 6 - only after P01 is in. Out of order = no entry. | P04:ORDER: truck 6 of 6 - only after the WC05 toilet 
PASS R3 every reference with a waste tank says the tank goes first — WC20:true WC27:true WC60:true
PASS R4 S08 drops (WB02, WB19, WC27) are land side: enter from the Surfers (south) end, race direction — WB02:null WB19:null WC27:land side
PASS R5 seaside drops (WC50, WC60, WC62) come in at the Seaworld Dr roundabout end and drive south — WC50:seaside WC60:seaside WC62:seaside
PASS R6 a drop nowhere near Main Beach Pde carries no Main Beach entry line (AA, P01) — none
PASS R7 Full details carries the whole rule set (order, entry, park, stagger, D007 event-week facts) —  (the project manager, 2 Oct 2026):
ORDER: truck 3 of 6 - only after P01 is in. Out of order = no entry.
  P01: in place on the record
The sequence: 1 P03 > 2 P01 > 3 P05 > 4 WC05 waste tank > 5 WC05 toilet block > 6 P04. One truck at a time, staggered. A truck out of this order is refused entry and
PASS R8 the drawer shows a Driver rules box for a named unit, none for a unit no rule touches —  Driver rules Order only after GN21 60kVA is placed (tight spot). GN21 in place on the record Arrivals Stagger them - the site is congested every Supercars week. Set by the project manager, 2 Oct 2026. In every text and in Full details. 
PASS R9 park drops carry the wildlife and branches caution, in the text when it fits and always in Full details — 72 in Full details · 0 in the short text
PASS R10 the order check reads the record (GN21 before GN20 recorded out of order; P01 vs P03; WC05 vs P05, P04) — ["P03>P01:out of order","P01>P05:in order","P05>WC05:in order","WC05>P04:out of order","GN21>GN20:out of order"]
PASS M1 the done tick has its own double beat on the master plan — {"pills":68,"anim":"done782"}
PASS M2 the explorer gets the finished list — 78
PASS R11 (measure) a delivery-details link gives way only where an ORDER/ENTRY line needs the room — P01,P03,P04,P05,WC20,WC27,WC60 · live 200 → 193
PASS R12 no Due line lost against the live page — 
PASS R13 (measure) three-text messages — live 100 → 120
PASS E1 no page errors — []
18/18 desktop
