PASS style: every colour in v815.css is already on the page (4: #ff8a3a #ff6a13 #0a0706 rgba(0,0,0,.8))
PASS style: no new font

== phone
PASS phone: live opens with no page errors
  tiles: swms 6 · transport 3 · maps 42 · packs 24 · photos 194 · dockets 59
PASS phone: the find box is first, above the cards
PASS phone: swms card counts 6 (live tab 6)  - 6
PASS phone: transport card counts 3 (live tab 3)  - 3
PASS phone: maps card counts 42 (live tab 42)  - 42
PASS phone: packs card counts 24 (live tab 29, less 5 shown twice on live)  - 24
PASS phone: photos card counts 194 (live tab 194)  - 194
PASS phone: dockets card counts 59 (live tab 59)  - 59
PASS phone: Invoices card hidden while there are none
PASS phone: every card is Today's island race card with its glyph and the register's three-lens lamp  - {"swms":{"n":6,"lamp":"dstat red sm bare","island":true,"glyph":true,"hzLite":true,"figPx":36,"figFont":"\"Barlow Condensed\", \"Arial Narrow\", system-ui, sans-serif","figStyle":"italic"},"transport":{"n":3,"lamp":"dstat green sm bare","island":true,"glyph":true,"hzLite":true,"figPx":36,"figFont":"\"Barlow Condensed\", \"Arial Narrow\", system-ui, sans-serif","figStyle":"italic"},"maps":{"n":42,"lamp":"dstat red sm bare","island":true,"glyph":true,"hzLite":true,"figPx":36,"figFont":"\"Barlow Co
PASS phone: the card figures are the race-card numerals (Barlow italic, big enough for countUpFigures)  - [[36,"\"Barlow Condensed\", \"Arial Narrow\", system-ui, sans-serif","italic"],[36,"\"Barlow Condensed\", \"Arial Narrow\", system-ui, sans-serif","italic"],[36,"\"Barlow Condensed\", \"Arial Narrow\", system-ui, sans-serif","italic"],[36,"\"Barlow Condensed\", \"Arial Narrow\", system-ui, sans-serif","italic"],[36,"\"Barlow Condensed\", \"Arial Narrow\", system-ui, sans-serif","italic"],[36,"\"Barlow Condensed\", \"Arial Narrow\", system-ui, sans-serif","italic"]]
PASS phone: the 5 Advanced Fencing pre-starts are one document each, available  - ["GC500_Prestart_ATF_2026-09-14.pdf<-GC500_Prestart_Advanced_Fencing_2026-09-14.pdf","GC500_Prestart_ATF_2026-09-15.pdf<-GC500_Prestart_Advanced_Fencing_2026-09-15.pdf","GC500_Prestart_ATF_2026-09-16.pdf<-GC500_Prestart_Advanced_Fencing_2026-09-16.pdf","GC500_Prestart_ATF_2026-09-17.pdf<-GC500_Prestart_Advanced_Fencing_2026-09-17.pdf","GC500_Prestart_ATF_2026-09-18.pdf<-GC500_Prestart_Advanced_Fencing_2026-09-18.pdf"]
PASS phone: each merged pre-start keeps the catalogue's note word for word (the ATF SWMS basis, scope, attendance)  - [["GC500_Prestart_ATF_2026-09-14.pdf","The pre-start held that day for Advanced Temporary Fencing, "],["GC500_Prestart_ATF_2026-09-15.pdf","The pre-start held that day for Advanced Temporary Fencing, "],["GC500_Prestart_ATF_2026-09-16.pdf","The pre-start held that day for Advanced Temporary Fencing, "],["GC500_Prestart_ATF_2026-09-17.pdf","The pre-start held that day for Advanced Temporary Fencing, "],["GC500_Prestart_ATF_2026-09-18.pdf","The pre-start held that day for Advanced Temporary Fencin
PASS phone: no banner, explanation paragraphs, count lines or pills  - {"b":false,"m":0,"a":0,"p":0}
PASS phone: none of the dropped wording is on screen
PASS phone: no emoji on the tab
PASS phone: no sideways scroll (default view)
PASS phone: card lamps: red lit where something is not uploaded (Safety, Drawings, Packs), green where every file is there  - {"swms":"red","transport":"green","maps":"red","packs":"red","photos":"green","dockets":"green"}
PASS phone: every file the live tab shows is reachable (333 on live, 328 rows here, 5 merged into their uploaded copy)
PASS phone: no file listed twice across the cards (328 rows, 328 different files)
PASS phone: the duplicate "not hosted" pre-starts are gone
PASS phone: the 4 files really missing show red  - Advanced_Temporary_Fencing_SWMS_-_Installation_Relocation_and_Removal_of_Temporary_Fencing.pdf, GC500_Map_Plates_A3.pdf, GC500_Map_Plates_A3_ZOOM.pdf, GC500_Prestart_Advanced_Fencing_MASTER.pdf
PASS phone: live showed 9 not uploaded; here 4
PASS phone: no sideways scroll with any card open (folds open)
PASS phone: a card opens in under half a second ({"swms":361,"transport":342,"maps":456,"packs":369,"photos":405,"dockets":399} ms)
  rows per card: {"swms":6,"transport":3,"maps":42,"packs":24,"photos":194,"dockets":59}
PASS phone: on the view link the find box takes real typing ("SWMS" typed: 12 rows, cursor kept, tiles 6/0/0/6/0/0)  - {"ro":{"readonly":true,"disabled":false,"dataRo":true},"typed":{"value":"SWMS","disabled":false,"focus":true,"rows":["GC500_SWMS_-_Loading_and_Unloading_at_Third_Party_Sites.pdf","GC500_SWMS_-_Portable_Buildings_and_Toilets.pdf","GC500_SWMS_-_Temporary_Fencing_and_Crowd_Control_Barriers.pdf","Advanced_Temporary_Fencing_SWMS_-_Installation_Relocation_and_Removal_of_Temporary_Fencing.pdf","GC500_High_Risk_Work_-_G-Link_Light_Rail.pdf","GC500_HSEQ_Management_Plan.pdf","GC500_Prestart_Advanced_Fenci
PASS phone: keyboard: Enter on a card opens it and the focus stays on it  - {"tile":"transport","active":"transport","inside":false,"open":true}
PASS phone: keyboard: Space on the open card closes it and the focus is still that card  - {"tile":null,"active":"transport","inside":false,"open":false}
PASS phone: keyboard: Space opens and Enter closes another card, focus kept both times  - {"k3":{"tile":"dockets","active":"dockets","inside":false,"open":false},"k4":{"tile":null,"active":"dockets","inside":false,"open":false}}
PASS phone: find "SWMS" lists the SWMS (12 rows) and keeps the cursor in the box  - GC500_SWMS_-_Loading_and_Unloading_at_Third_Party_Sites.pdf, GC500_SWMS_-_Portable_Buildings_and_Toilets.pdf, GC500_SWMS_-_Temporary_Fencing_and_Crowd_Control_Barriers.pdf, Advanced_Temporary_Fencing_SWMS_-_Installation_Relocation_and_Removal_of_Temporary_Fencing.pdf, GC500_High_Risk_Work_-_G-Link_Light_Rail.pdf, GC500_HSEQ_Management_Plan.pdf, GC500_Prestart_Advanced_Fencing_MASTER.pdf, GC500_Prestart_ATF_2026-09-14.pdf, GC500_Prestart_ATF_2026-09-15.pdf, GC500_Prestart_ATF_2026-09-16.pdf, GC50
PASS phone: find "D022" lists the D022 drawing (3 rows)  - D022-26003-02-PORT_BUILDINGS.pdf, D022_Portable_Buildings_A3.pdf, D022_Portable_Buildings_A3_ZOOM.pdf
PASS phone: find "WC" lists the WC photographs by reference (12 references)  - WC01, WC02, WC04, WC05, WC06, WC07, WC11, WC12, WC15, WC16, WC17, WC27
PASS phone: an uploaded file is found by its title ("CW2 Fencing Installation Plan" finds 05_CW2_Fencing_Installation_Plan.pdf)  - 05_CW2_Fencing_Installation_Plan.pdf
PASS phone: Show on WC01 opens Photos at that reference (6 photos)  - {"ref":"WC01","tile":"photos","open":true,"photos":6,"hash":"#docs/photos"}
PASS phone: Recent is the last 5 uploads, newest first  - 05_CW2_Fencing_Installation_Plan.pdf, 36568.jpg, 36567.jpg, 36566.jpg, 36565.jpg
PASS phone: Details on a merged pre-start unfolds the catalogue's note (GC500_Prestart_ATF_2026-09-14.pdf)  - {"id":"GC500_Prestart_ATF_2026-09-14.pdf","hiddenFirst":true,"shown":true,"text":"The pre-start held that day for Advanced Temporary Fencing, run to THEIR OWN SWMS for the installation, relocation and removal of temporary fencing, revision 18/09/2026: its twelve task steps with their controls and ri
PASS phone: #docs/swms opens Documents on swms  - {"tab":"docs","tile":"swms","box":true,"on":"swms"}
PASS phone: #docs/transport opens Documents on transport  - {"tab":"docs","tile":"transport","box":true,"on":"transport"}
PASS phone: #docs/maps opens Documents on maps  - {"tab":"docs","tile":"maps","box":true,"on":"maps"}
PASS phone: #docs/packs opens Documents on packs  - {"tab":"docs","tile":"packs","box":true,"on":"packs"}
PASS phone: #docs/photos opens Documents on photos  - {"tab":"docs","tile":"photos","box":true,"on":"photos"}
PASS phone: #docs/dockets opens Documents on dockets  - {"tab":"docs","tile":"dockets","box":true,"on":"dockets"}
PASS phone: #docs/fencing opens Documents on maps  - {"tab":"docs","tile":"maps","box":true,"on":"maps"}
