PASS style: every colour in v815.css is already on the page (4: #ff8a3a #ff6a13 #0a0706 rgba(0,0,0,.8))
PASS style: no new font

== desktop
PASS desktop: live opens with no page errors
  tiles: swms 6 · transport 3 · maps 42 · packs 24 · photos 194 · dockets 59
PASS desktop: the find box is first, above the cards
PASS desktop: swms card counts 6 (live tab 6)  - 6
PASS desktop: transport card counts 3 (live tab 3)  - 3
PASS desktop: maps card counts 42 (live tab 42)  - 42
PASS desktop: packs card counts 24 (live tab 29, less 5 shown twice on live)  - 24
PASS desktop: photos card counts 194 (live tab 194)  - 194
PASS desktop: dockets card counts 59 (live tab 59)  - 59
PASS desktop: Invoices card hidden while there are none
PASS desktop: every card is Today's island race card with its glyph and the register's three-lens lamp  - {"swms":{"n":6,"lamp":"dstat red sm bare","island":true,"glyph":true,"hzLite":true,"figPx":44,"figFont":"\"Barlow Condensed\", \"Arial Narrow\", system-ui, sans-serif","figStyle":"italic"},"transport":{"n":3,"lamp":"dstat green sm bare","island":true,"glyph":true,"hzLite":true,"figPx":44,"figFont":"\"Barlow Condensed\", \"Arial Narrow\", system-ui, sans-serif","figStyle":"italic"},"maps":{"n":42,"lamp":"dstat red sm bare","island":true,"glyph":true,"hzLite":true,"figPx":44,"figFont":"\"Barlow Co
PASS desktop: the card figures are the race-card numerals (Barlow italic, big enough for countUpFigures)  - [[44,"\"Barlow Condensed\", \"Arial Narrow\", system-ui, sans-serif","italic"],[44,"\"Barlow Condensed\", \"Arial Narrow\", system-ui, sans-serif","italic"],[44,"\"Barlow Condensed\", \"Arial Narrow\", system-ui, sans-serif","italic"],[44,"\"Barlow Condensed\", \"Arial Narrow\", system-ui, sans-serif","italic"],[44,"\"Barlow Condensed\", \"Arial Narrow\", system-ui, sans-serif","italic"],[44,"\"Barlow Condensed\", \"Arial Narrow\", system-ui, sans-serif","italic"]]
PASS desktop: the 5 Advanced Fencing pre-starts are one document each, available  - ["GC500_Prestart_ATF_2026-09-14.pdf<-GC500_Prestart_Advanced_Fencing_2026-09-14.pdf","GC500_Prestart_ATF_2026-09-15.pdf<-GC500_Prestart_Advanced_Fencing_2026-09-15.pdf","GC500_Prestart_ATF_2026-09-16.pdf<-GC500_Prestart_Advanced_Fencing_2026-09-16.pdf","GC500_Prestart_ATF_2026-09-17.pdf<-GC500_Prestart_Advanced_Fencing_2026-09-17.pdf","GC500_Prestart_ATF_2026-09-18.pdf<-GC500_Prestart_Advanced_Fencing_2026-09-18.pdf"]
PASS desktop: each merged pre-start keeps the catalogue's note word for word (the ATF SWMS basis, scope, attendance)  - [["GC500_Prestart_ATF_2026-09-14.pdf","The pre-start held that day for Advanced Temporary Fencing, "],["GC500_Prestart_ATF_2026-09-15.pdf","The pre-start held that day for Advanced Temporary Fencing, "],["GC500_Prestart_ATF_2026-09-16.pdf","The pre-start held that day for Advanced Temporary Fencing, "],["GC500_Prestart_ATF_2026-09-17.pdf","The pre-start held that day for Advanced Temporary Fencing, "],["GC500_Prestart_ATF_2026-09-18.pdf","The pre-start held that day for Advanced Temporary Fencin
PASS desktop: no banner, explanation paragraphs, count lines or pills  - {"b":false,"m":0,"a":0,"p":0}
PASS desktop: none of the dropped wording is on screen
PASS desktop: no emoji on the tab
PASS desktop: no sideways scroll (default view)
PASS desktop: card lamps: red lit where something is not uploaded (Safety, Drawings, Packs), green where every file is there  - {"swms":"red","transport":"green","maps":"red","packs":"red","photos":"green","dockets":"green"}
PASS desktop: every file the live tab shows is reachable (333 on live, 328 rows here, 5 merged into their uploaded copy)
PASS desktop: no file listed twice across the cards (328 rows, 328 different files)
PASS desktop: the duplicate "not hosted" pre-starts are gone
PASS desktop: the 4 files really missing show red  - Advanced_Temporary_Fencing_SWMS_-_Installation_Relocation_and_Removal_of_Temporary_Fencing.pdf, GC500_Map_Plates_A3.pdf, GC500_Map_Plates_A3_ZOOM.pdf, GC500_Prestart_Advanced_Fencing_MASTER.pdf
PASS desktop: live showed 9 not uploaded; here 4
PASS desktop: no sideways scroll with any card open (folds open)
PASS desktop: a card opens in under half a second ({"swms":392,"transport":433,"maps":364,"packs":373,"photos":413,"dockets":395} ms)
  rows per card: {"swms":6,"transport":3,"maps":42,"packs":24,"photos":194,"dockets":59}
PASS desktop: on the view link the find box takes real typing ("SWMS" typed: 12 rows, cursor kept, tiles 6/0/0/6/0/0)  - {"ro":{"readonly":true,"disabled":false,"dataRo":true},"typed":{"value":"SWMS","disabled":false,"focus":true,"rows":["GC500_SWMS_-_Loading_and_Unloading_at_Third_Party_Sites.pdf","GC500_SWMS_-_Portable_Buildings_and_Toilets.pdf","GC500_SWMS_-_Temporary_Fencing_and_Crowd_Control_Barriers.pdf","Advanced_Temporary_Fencing_SWMS_-_Installation_Relocation_and_Removal_of_Temporary_Fencing.pdf","GC500_High_Risk_Work_-_G-Link_Light_Rail.pdf","GC500_HSEQ_Management_Plan.pdf","GC500_Prestart_Advanced_Fenci
PASS desktop: keyboard: Enter on a card opens it and the focus stays on it  - {"tile":"transport","active":"transport","inside":false,"open":true}
PASS desktop: keyboard: Space on the open card closes it and the focus is still that card  - {"tile":null,"active":"transport","inside":false,"open":false}
PASS desktop: keyboard: Space opens and Enter closes another card, focus kept both times  - {"k3":{"tile":"dockets","active":"dockets","inside":false,"open":false},"k4":{"tile":null,"active":"dockets","inside":false,"open":false}}
PASS desktop: find "SWMS" lists the SWMS (12 rows) and keeps the cursor in the box  - GC500_SWMS_-_Loading_and_Unloading_at_Third_Party_Sites.pdf, GC500_SWMS_-_Portable_Buildings_and_Toilets.pdf, GC500_SWMS_-_Temporary_Fencing_and_Crowd_Control_Barriers.pdf, Advanced_Temporary_Fencing_SWMS_-_Installation_Relocation_and_Removal_of_Temporary_Fencing.pdf, GC500_High_Risk_Work_-_G-Link_Light_Rail.pdf, GC500_HSEQ_Management_Plan.pdf, GC500_Prestart_Advanced_Fencing_MASTER.pdf, GC500_Prestart_ATF_2026-09-14.pdf, GC500_Prestart_ATF_2026-09-15.pdf, GC500_Prestart_ATF_2026-09-16.pdf, GC50
PASS desktop: find "D022" lists the D022 drawing (3 rows)  - D022-26003-02-PORT_BUILDINGS.pdf, D022_Portable_Buildings_A3.pdf, D022_Portable_Buildings_A3_ZOOM.pdf
